Archive member included to satisfy reference by file (symbol)

d:/st/stm32cubeide_1.7.0/stm32cubeide/plugins/com.st.stm32cube.ide.mcu.externaltools.gnu-tools-for-stm32.10.3-2021.10.win32_1.0.0.202111181127/tools/bin/../lib/gcc/arm-none-eabi/10.3.1/../../../../arm-none-eabi/lib/thumb/v7e-m+fp/hard\libc_nano.a(lib_a-errno.o)
                              ./Core/Src/syscalls.o (__errno)
d:/st/stm32cubeide_1.7.0/stm32cubeide/plugins/com.st.stm32cube.ide.mcu.externaltools.gnu-tools-for-stm32.10.3-2021.10.win32_1.0.0.202111181127/tools/bin/../lib/gcc/arm-none-eabi/10.3.1/../../../../arm-none-eabi/lib/thumb/v7e-m+fp/hard\libc_nano.a(lib_a-exit.o)
                              d:/st/stm32cubeide_1.7.0/stm32cubeide/plugins/com.st.stm32cube.ide.mcu.externaltools.gnu-tools-for-stm32.10.3-2021.10.win32_1.0.0.202111181127/tools/bin/../lib/gcc/arm-none-eabi/10.3.1/../../../../arm-none-eabi/lib/thumb/v7e-m+fp/hard/crt0.o (exit)
d:/st/stm32cubeide_1.7.0/stm32cubeide/plugins/com.st.stm32cube.ide.mcu.externaltools.gnu-tools-for-stm32.10.3-2021.10.win32_1.0.0.202111181127/tools/bin/../lib/gcc/arm-none-eabi/10.3.1/../../../../arm-none-eabi/lib/thumb/v7e-m+fp/hard\libc_nano.a(lib_a-findfp.o)
                              ./Middlewares/Third_Party/FreeRTOS/Source/tasks.o (__sf_fake_stderr)
d:/st/stm32cubeide_1.7.0/stm32cubeide/plugins/com.st.stm32cube.ide.mcu.externaltools.gnu-tools-for-stm32.10.3-2021.10.win32_1.0.0.202111181127/tools/bin/../lib/gcc/arm-none-eabi/10.3.1/../../../../arm-none-eabi/lib/thumb/v7e-m+fp/hard\libc_nano.a(lib_a-fwalk.o)
                              d:/st/stm32cubeide_1.7.0/stm32cubeide/plugins/com.st.stm32cube.ide.mcu.externaltools.gnu-tools-for-stm32.10.3-2021.10.win32_1.0.0.202111181127/tools/bin/../lib/gcc/arm-none-eabi/10.3.1/../../../../arm-none-eabi/lib/thumb/v7e-m+fp/hard\libc_nano.a(lib_a-findfp.o) (_fwalk)
d:/st/stm32cubeide_1.7.0/stm32cubeide/plugins/com.st.stm32cube.ide.mcu.externaltools.gnu-tools-for-stm32.10.3-2021.10.win32_1.0.0.202111181127/tools/bin/../lib/gcc/arm-none-eabi/10.3.1/../../../../arm-none-eabi/lib/thumb/v7e-m+fp/hard\libc_nano.a(lib_a-impure.o)
                              d:/st/stm32cubeide_1.7.0/stm32cubeide/plugins/com.st.stm32cube.ide.mcu.externaltools.gnu-tools-for-stm32.10.3-2021.10.win32_1.0.0.202111181127/tools/bin/../lib/gcc/arm-none-eabi/10.3.1/../../../../arm-none-eabi/lib/thumb/v7e-m+fp/hard\libc_nano.a(lib_a-exit.o) (_global_impure_ptr)
d:/st/stm32cubeide_1.7.0/stm32cubeide/plugins/com.st.stm32cube.ide.mcu.externaltools.gnu-tools-for-stm32.10.3-2021.10.win32_1.0.0.202111181127/tools/bin/../lib/gcc/arm-none-eabi/10.3.1/../../../../arm-none-eabi/lib/thumb/v7e-m+fp/hard\libc_nano.a(lib_a-init.o)
                              d:/st/stm32cubeide_1.7.0/stm32cubeide/plugins/com.st.stm32cube.ide.mcu.externaltools.gnu-tools-for-stm32.10.3-2021.10.win32_1.0.0.202111181127/tools/bin/../lib/gcc/arm-none-eabi/10.3.1/../../../../arm-none-eabi/lib/thumb/v7e-m+fp/hard/crt0.o (__libc_init_array)
d:/st/stm32cubeide_1.7.0/stm32cubeide/plugins/com.st.stm32cube.ide.mcu.externaltools.gnu-tools-for-stm32.10.3-2021.10.win32_1.0.0.202111181127/tools/bin/../lib/gcc/arm-none-eabi/10.3.1/../../../../arm-none-eabi/lib/thumb/v7e-m+fp/hard\libc_nano.a(lib_a-lock.o)
                              d:/st/stm32cubeide_1.7.0/stm32cubeide/plugins/com.st.stm32cube.ide.mcu.externaltools.gnu-tools-for-stm32.10.3-2021.10.win32_1.0.0.202111181127/tools/bin/../lib/gcc/arm-none-eabi/10.3.1/../../../../arm-none-eabi/lib/thumb/v7e-m+fp/hard\libc_nano.a(lib_a-findfp.o) (__retarget_lock_init_recursive)
d:/st/stm32cubeide_1.7.0/stm32cubeide/plugins/com.st.stm32cube.ide.mcu.externaltools.gnu-tools-for-stm32.10.3-2021.10.win32_1.0.0.202111181127/tools/bin/../lib/gcc/arm-none-eabi/10.3.1/../../../../arm-none-eabi/lib/thumb/v7e-m+fp/hard\libc_nano.a(lib_a-memcpy-stub.o)
                              ./Middlewares/Third_Party/FreeRTOS/Source/CMSIS_RTOS_V2/cmsis_os2.o (memcpy)
d:/st/stm32cubeide_1.7.0/stm32cubeide/plugins/com.st.stm32cube.ide.mcu.externaltools.gnu-tools-for-stm32.10.3-2021.10.win32_1.0.0.202111181127/tools/bin/../lib/gcc/arm-none-eabi/10.3.1/../../../../arm-none-eabi/lib/thumb/v7e-m+fp/hard\libc_nano.a(lib_a-memset.o)
                              d:/st/stm32cubeide_1.7.0/stm32cubeide/plugins/com.st.stm32cube.ide.mcu.externaltools.gnu-tools-for-stm32.10.3-2021.10.win32_1.0.0.202111181127/tools/bin/../lib/gcc/arm-none-eabi/10.3.1/../../../../arm-none-eabi/lib/thumb/v7e-m+fp/hard/crt0.o (memset)
d:/st/stm32cubeide_1.7.0/stm32cubeide/plugins/com.st.stm32cube.ide.mcu.externaltools.gnu-tools-for-stm32.10.3-2021.10.win32_1.0.0.202111181127/tools/bin/../lib/gcc/arm-none-eabi/10.3.1/../../../../arm-none-eabi/lib/thumb/v7e-m+fp/hard\libc_nano.a(lib_a-nano-mallocr.o)
[...]
Memory Configuration

Name             Origin             Length             Attributes
CCMRAM           0x0000000010000000 0x0000000000010000 xrw
RAM              0x0000000020000000 0x0000000000020000 xrw
FLASH            0x0000000008000000 0x0000000000100000 xr
*default*        0x0000000000000000 0xffffffffffffffff

Linker script and memory map

LOAD d:/st/stm32cubeide_1.7.0/stm32cubeide/plugins/com.st.stm32cube.ide.mcu.externaltools.gnu-tools-for-stm32.10.3-2021.10.win32_1.0.0.202111181127/tools/bin/../lib/gcc/arm-none-eabi/10.3.1/thumb/v7e-m+fp/hard/crti.o
LOAD d:/st/stm32cubeide_1.7.0/stm32cubeide/plugins/com.st.stm32cube.ide.mcu.externaltools.gnu-tools-for-stm32.10.3-2021.10.win32_1.0.0.202111181127/tools/bin/../lib/gcc/arm-none-eabi/10.3.1/thumb/v7e-m+fp/hard/crtbegin.o
LOAD d:/st/stm32cubeide_1.7.0/stm32cubeide/plugins/com.st.stm32cube.ide.mcu.externaltools.gnu-tools-for-stm32.10.3-2021.10.win32_1.0.0.202111181127/tools/bin/../lib/gcc/arm-none-eabi/10.3.1/../../../../arm-none-eabi/lib/thumb/v7e-m+fp/hard/crt0.o
LOAD ./Core/Src/freertos.o
LOAD ./Core/Src/main.o
LOAD ./Core/Src/stm32f4xx_hal_msp.o
LOAD ./Core/Src/stm32f4xx_hal_timebase_tim.o
LOAD ./Core/Src/stm32f4xx_it.o
LOAD ./Core/Src/syscalls.o
LOAD ./Core/Src/sysmem.o
LOAD ./Core/Src/system_stm32f4xx.o
LOAD ./Core/Startup/startup_stm32f405zgtx.o
LOAD ./Drivers/STM32F4xx_HAL_Driver/Src/stm32f4xx_hal.o
LOAD ./Drivers/STM32F4xx_HAL_Driver/Src/stm32f4xx_hal_adc.o
LOAD ./Drivers/STM32F4xx_HAL_Driver/Src/stm32f4xx_hal_adc_ex.o
LOAD ./Drivers/STM32F4xx_HAL_Driver/Src/stm32f4xx_hal_can.o
LOAD ./Drivers/STM32F4xx_HAL_Driver/Src/stm32f4xx_hal_cortex.o
LOAD ./Drivers/STM32F4xx_HAL_Driver/Src/stm32f4xx_hal_dma.o
LOAD ./Drivers/STM32F4xx_HAL_Driver/Src/stm32f4xx_hal_dma_ex.o
LOAD ./Drivers/STM32F4xx_HAL_Driver/Src/stm32f4xx_hal_exti.o
LOAD ./Drivers/STM32F4xx_HAL_Driver/Src/stm32f4xx_hal_flash.o
LOAD ./Drivers/STM32F4xx_HAL_Driver/Src/stm32f4xx_hal_flash_ex.o
LOAD ./Drivers/STM32F4xx_HAL_Driver/Src/stm32f4xx_hal_flash_ramfunc.o
LOAD ./Drivers/STM32F4xx_HAL_Driver/Src/stm32f4xx_hal_gpio.o
LOAD ./Drivers/STM32F4xx_HAL_Driver/Src/stm32f4xx_hal_i2c.o
LOAD ./Drivers/STM32F4xx_HAL_Driver/Src/stm32f4xx_hal_i2c_ex.o
LOAD ./Drivers/STM32F4xx_HAL_Driver/Src/stm32f4xx_hal_pcd.o
LOAD ./Drivers/STM32F4xx_HAL_Driver/Src/stm32f4xx_hal_pcd_ex.o
LOAD ./Drivers/STM32F4xx_HAL_Driver/Src/stm32f4xx_hal_pwr.o
LOAD ./Drivers/STM32F4xx_HAL_Driver/Src/stm32f4xx_hal_pwr_ex.o
LOAD ./Drivers/STM32F4xx_HAL_Driver/Src/stm32f4xx_hal_rcc.o
LOAD ./Drivers/STM32F4xx_HAL_Driver/Src/stm32f4xx_hal_rcc_ex.o
LOAD ./Drivers/STM32F4xx_HAL_Driver/Src/stm32f4xx_hal_tim.o
LOAD ./Drivers/STM32F4xx_HAL_Driver/Src/stm32f4xx_hal_tim_ex.o
LOAD ./Drivers/STM32F4xx_HAL_Driver/Src/stm32f4xx_hal_uart.o
LOAD ./Drivers/STM32F4xx_HAL_Driver/Src/stm32f4xx_ll_adc.o
LOAD ./Drivers/STM32F4xx_HAL_Driver/Src/stm32f4xx_ll_usb.o
LOAD ./Middlewares/Third_Party/FreeRTOS/Source/CMSIS_RTOS_V2/cmsis_os2.o
LOAD ./Middlewares/Third_Party/FreeRTOS/Source/croutine.o
LOAD ./Middlewares/Third_Party/FreeRTOS/Source/event_groups.o
LOAD ./Middlewares/Third_Party/FreeRTOS/Source/list.o
LOAD ./Middlewares/Third_Party/FreeRTOS/Source/queue.o
LOAD ./Middlewares/Third_Party/FreeRTOS/Source/stream_buffer.o
LOAD ./Middlewares/Third_Party/FreeRTOS/Source/tasks.o
LOAD ./Middlewares/Third_Party/FreeRTOS/Source/timers.o
LOAD ./Middlewares/Third_Party/FreeRTOS/Source/portable/GCC/ARM_CM4F/port.o
LOAD ./Middlewares/Third_Party/FreeRTOS/Source/portable/MemMang/heap_4.o
LOAD ./Shell/PDMhardware.o
LOAD ./Shell/luatask.o
LOAD ./Shell/script.o
START GROUP
LOAD d:/st/stm32cubeide_1.7.0/stm32cubeide/plugins/com.st.stm32cube.ide.mcu.externaltools.gnu-tools-for-stm32.10.3-2021.10.win32_1.0.0.202111181127/tools/bin/../lib/gcc/arm-none-eabi/10.3.1/../../../../arm-none-eabi/lib/thumb/v7e-m+fp/hard\libstdc++_nano.a
LOAD d:/st/stm32cubeide_1.7.0/stm32cubeide/plugins/com.st.stm32cube.ide.mcu.externaltools.gnu-tools-for-stm32.10.3-2021.10.win32_1.0.0.202111181127/tools/bin/../lib/gcc/arm-none-eabi/10.3.1/../../../../arm-none-eabi/lib/thumb/v7e-m+fp/hard\libsupc++_nano.a
END GROUP
LOAD d:/st/stm32cubeide_1.7.0/stm32cubeide/plugins/com.st.stm32cube.ide.mcu.externaltools.gnu-tools-for-stm32.10.3-2021.10.win32_1.0.0.202111181127/tools/bin/../lib/gcc/arm-none-eabi/10.3.1/../../../../arm-none-eabi/lib/thumb/v7e-m+fp/hard\libstdc++_nano.a
LOAD d:/st/stm32cubeide_1.7.0/stm32cubeide/plugins/com.st.stm32cube.ide.mcu.externaltools.gnu-tools-for-stm32.10.3-2021.10.win32_1.0.0.202111181127/tools/bin/../lib/gcc/arm-none-eabi/10.3.1/../../../../arm-none-eabi/lib/thumb/v7e-m+fp/hard\libm.a
LOAD d:/st/stm32cubeide_1.7.0/stm32cubeide/plugins/com.st.stm32cube.ide.mcu.externaltools.gnu-tools-for-stm32.10.3-2021.10.win32_1.0.0.202111181127/tools/bin/../lib/gcc/arm-none-eabi/10.3.1/../../../../arm-none-eabi/lib/thumb/v7e-m+fp/hard\libc_nano.a
START GROUP
LOAD d:/st/stm32cubeide_1.7.0/stm32cubeide/plugins/com.st.stm32cube.ide.mcu.externaltools.gnu-tools-for-stm32.10.3-2021.10.win32_1.0.0.202111181127/tools/bin/../lib/gcc/arm-none-eabi/10.3.1/thumb/v7e-m+fp/hard\libgcc.a
LOAD d:/st/stm32cubeide_1.7.0/stm32cubeide/plugins/com.st.stm32cube.ide.mcu.externaltools.gnu-tools-for-stm32.10.3-2021.10.win32_1.0.0.202111181127/tools/bin/../lib/gcc/arm-none-eabi/10.3.1/../../../../arm-none-eabi/lib/thumb/v7e-m+fp/hard\libc_nano.a
END GROUP
START GROUP
LOAD d:/st/stm32cubeide_1.7.0/stm32cubeide/plugins/com.st.stm32cube.ide.mcu.externaltools.gnu-tools-for-stm32.10.3-2021.10.win32_1.0.0.202111181127/tools/bin/../lib/gcc/arm-none-eabi/10.3.1/thumb/v7e-m+fp/hard\libgcc.a
LOAD d:/st/stm32cubeide_1.7.0/stm32cubeide/plugins/com.st.stm32cube.ide.mcu.externaltools.gnu-tools-for-stm32.10.3-2021.10.win32_1.0.0.202111181127/tools/bin/../lib/gcc/arm-none-eabi/10.3.1/../../../../arm-none-eabi/lib/thumb/v7e-m+fp/hard\libc_nano.a
LOAD d:/st/stm32cubeide_1.7.0/stm32cubeide/plugins/com.st.stm32cube.ide.mcu.externaltools.gnu-tools-for-stm32.10.3-2021.10.win32_1.0.0.202111181127/tools/bin/../lib/gcc/arm-none-eabi/10.3.1/../../../../arm-none-eabi/lib/thumb/v7e-m+fp/hard\libnosys.a
END GROUP
START GROUP
LOAD d:/st/stm32cubeide_1.7.0/stm32cubeide/plugins/com.st.stm32cube.ide.mcu.externaltools.gnu-tools-for-stm32.10.3-2021.10.win32_1.0.0.202111181127/tools/bin/../lib/gcc/arm-none-eabi/10.3.1/thumb/v7e-m+fp/hard\libgcc.a
LOAD d:/st/stm32cubeide_1.7.0/stm32cubeide/plugins/com.st.stm32cube.ide.mcu.externaltools.gnu-tools-for-stm32.10.3-2021.10.win32_1.0.0.202111181127/tools/bin/../lib/gcc/arm-none-eabi/10.3.1/../../../../arm-none-eabi/lib/thumb/v7e-m+fp/hard\libc_nano.a
LOAD d:/st/stm32cubeide_1.7.0/stm32cubeide/plugins/com.st.stm32cube.ide.mcu.externaltools.gnu-tools-for-stm32.10.3-2021.10.win32_1.0.0.202111181127/tools/bin/../lib/gcc/arm-none-eabi/10.3.1/../../../../arm-none-eabi/lib/thumb/v7e-m+fp/hard\libnosys.a
END GROUP
LOAD d:/st/stm32cubeide_1.7.0/stm32cubeide/plugins/com.st.stm32cube.ide.mcu.externaltools.gnu-tools-for-stm32.10.3-2021.10.win32_1.0.0.202111181127/tools/bin/../lib/gcc/arm-none-eabi/10.3.1/thumb/v7e-m+fp/hard/crtend.o
LOAD d:/st/stm32cubeide_1.7.0/stm32cubeide/plugins/com.st.stm32cube.ide.mcu.externaltools.gnu-tools-for-stm32.10.3-2021.10.win32_1.0.0.202111181127/tools/bin/../lib/gcc/arm-none-eabi/10.3.1/thumb/v7e-m+fp/hard/crtn.o
                0x0000000020020000                _estack = (ORIGIN (RAM) + LENGTH (RAM))
                0x0000000000000200                _Min_Heap_Size = 0x200
                0x0000000000000400                _Min_Stack_Size = 0x400

.isr_vector     0x0000000008000000      0x188
                0x0000000008000000                . = ALIGN (0x4)
 *(.isr_vector)
 .isr_vector    0x0000000008000000      0x188 ./Core/Startup/startup_stm32f405zgtx.o
                0x0000000008000000                g_pfnVectors
                0x0000000008000188                . = ALIGN (0x4)

.text           0x0000000008000190     0xa988
                0x0000000008000190                . = ALIGN (0x4)
 *(.text)
 .text          0x0000000008000190       0x40 d:/st/stm32cubeide_1.7.0/stm32cubeide/plugins/com.st.stm32cube.ide.mcu.externaltools.gnu-tools-for-stm32.10.3-2021.10.win32_1.0.0.202111181127/tools/bin/../lib/gcc/arm-none-eabi/10.3.1/thumb/v7e-m+fp/hard/crtbegin.o
 .text          0x00000000080001d0      0x378 d:/st/stm32cubeide_1.7.0/stm32cubeide/plugins/com.st.stm32cube.ide.mcu.externaltools.gnu-tools-for-stm32.10.3-2021.10.win32_1.0.0.202111181127/tools/bin/../lib/gcc/arm-none-eabi/10.3.1/thumb/v7e-m+fp/hard\libgcc.a(_arm_addsubdf3.o)
                0x00000000080001d0                __aeabi_drsub
                0x00000000080001d8                __aeabi_dsub
                0x00000000080001d8                __subdf3
                0x00000000080001dc                __aeabi_dadd
                0x00000000080001dc                __adddf3
                0x0000000008000454                __floatunsidf
                0x0000000008000454                __aeabi_ui2d
                0x0000000008000474                __floatsidf
                0x0000000008000474                __aeabi_i2d
                0x0000000008000498                __aeabi_f2d
                0x0000000008000498                __extendsfdf2
                0x00000000080004dc                __floatundidf
                0x00000000080004dc                __aeabi_ul2d
                0x00000000080004ec                __floatdidf
                0x00000000080004ec                __aeabi_l2d
 .text          0x0000000008000548      0x424 d:/st/stm32cubeide_1.7.0/stm32cubeide/plugins/com.st.stm32cube.ide.mcu.externaltools.gnu-tools-for-stm32.10.3-2021.10.win32_1.0.0.202111181127/tools/bin/../lib/gcc/arm-none-eabi/10.3.1/thumb/v7e-m+fp/hard\libgcc.a(_arm_muldivdf3.o)
                0x0000000008000548                __aeabi_dmul
                0x0000000008000548                __muldf3
                0x000000000800079c                __divdf3
                0x000000000800079c                __aeabi_ddiv
 .text          0x000000000800096c       0xa0 d:/st/stm32cubeide_1.7.0/stm32cubeide/plugins/com.st.stm32cube.ide.mcu.externaltools.gnu-tools-for-stm32.10.3-2021.10.win32_1.0.0.202111181127/tools/bin/../lib/gcc/arm-none-eabi/10.3.1/thumb/v7e-m+fp/hard\libgcc.a(_arm_truncdfsf2.o)
                0x000000000800096c                __truncdfsf2
                0x000000000800096c                __aeabi_d2f
 .text          0x0000000008000a0c       0x30 d:/st/stm32cubeide_1.7.0/stm32cubeide/plugins/com.st.stm32cube.ide.mcu.externaltools.gnu-tools-for-stm32.10.3-2021.10.win32_1.0.0.202111181127/tools/bin/../lib/gcc/arm-none-eabi/10.3.1/thumb/v7e-m+fp/hard\libgcc.a(_aeabi_uldivmod.o)
                0x0000000008000a0c                __aeabi_uldivmod
 .text          0x0000000008000a3c      0x2d0 d:/st/stm32cubeide_1.7.0/stm32cubeide/plugins/com.st.stm32cube.ide.mcu.externaltools.gnu-tools-for-stm32.10.3-2021.10.win32_1.0.0.202111181127/tools/bin/../lib/gcc/arm-none-eabi/10.3.1/thumb/v7e-m+fp/hard\libgcc.a(_udivmoddi4.o)
                0x0000000008000a3c                __udivmoddi4
 .text          0x0000000008000d0c        0x4 d:/st/stm32cubeide_1.7.0/stm32cubeide/plugins/com.st.stm32cube.ide.mcu.externaltools.gnu-tools-for-stm32.10.3-2021.10.win32_1.0.0.202111181127/tools/bin/../lib/gcc/arm-none-eabi/10.3.1/thumb/v7e-m+fp/hard\libgcc.a(_dvmd_tls.o)
                0x0000000008000d0c                __aeabi_idiv0
                0x0000000008000d0c                __aeabi_ldiv0
 *(.text*)
 .text.main     0x0000000008000d10       0xac ./Core/Src/main.o
                0x0000000008000d10                main
 .text.SystemClock_Config
                0x0000000008000dbc       0xd4 ./Core/Src/main.o
                0x0000000008000dbc                SystemClock_Config
 .text.MX_ADC1_Init
                0x0000000008000e90      0x168 ./Core/Src/main.o
 .text.MX_ADC2_Init
                0x0000000008000ff8      0x14c ./Core/Src/main.o
 .text.MX_ADC3_Init
                0x0000000008001144      0x184 ./Core/Src/main.o
 .text.MX_CAN1_Init
                0x00000000080012c8       0x68 ./Core/Src/main.o
 .text.MX_I2C2_Init
                0x0000000008001330       0x5c ./Core/Src/main.o
 .text.MX_TIM1_Init
                0x000000000800138c      0x188 ./Core/Src/main.o
 .text.MX_TIM2_Init
                0x0000000008001514      0x140 ./Core/Src/main.o
 .text.MX_TIM3_Init
                0x0000000008001654      0x104 ./Core/Src/main.o
 .text.MX_TIM4_Init
                0x0000000008001758      0x130 ./Core/Src/main.o
 .text.MX_TIM8_Init
                0x0000000008001888      0x188 ./Core/Src/main.o
 .text.MX_TIM9_Init
                0x0000000008001a10       0x74 ./Core/Src/main.o
 .text.MX_TIM12_Init
                0x0000000008001a84       0xdc ./Core/Src/main.o
 .text.MX_USART2_UART_Init
                0x0000000008001b60       0x54 ./Core/Src/main.o
 .text.MX_USB_OTG_FS_PCD_Init
                0x0000000008001bb4       0x5c ./Core/Src/main.o
 .text.MX_DMA_Init
                0x0000000008001c10       0x60 ./Core/Src/main.o
 .text.MX_GPIO_Init
                0x0000000008001c70      0x200 ./Core/Src/main.o
 .text.StartDefaultTask
                0x0000000008001e70       0x10 ./Core/Src/main.o
                0x0000000008001e70                StartDefaultTask
 .text.HAL_TIM_PeriodElapsedCallback
                0x0000000008001e80       0x24 ./Core/Src/main.o
                0x0000000008001e80                HAL_TIM_PeriodElapsedCallback
 .text.Error_Handler
                0x0000000008001ea4        0xa ./Core/Src/main.o
                0x0000000008001ea4                Error_Handler
 *fill*         0x0000000008001eae        0x2 
 .text.HAL_MspInit
                0x0000000008001eb0       0x58 ./Core/Src/stm32f4xx_hal_msp.o
                0x0000000008001eb0                HAL_MspInit
 .text.HAL_ADC_MspInit
                0x0000000008001f08      0x368 ./Core/Src/stm32f4xx_hal_msp.o
                0x0000000008001f08                HAL_ADC_MspInit
 .text.HAL_CAN_MspInit
                0x0000000008002270       0x90 ./Core/Src/stm32f4xx_hal_msp.o
                0x0000000008002270                HAL_CAN_MspInit
 .text.HAL_I2C_MspInit
                0x0000000008002300       0x90 ./Core/Src/stm32f4xx_hal_msp.o
                0x0000000008002300                HAL_I2C_MspInit
 .text.HAL_TIM_Base_MspInit
                0x0000000008002390      0x154 ./Core/Src/stm32f4xx_hal_msp.o
                0x0000000008002390                HAL_TIM_Base_MspInit
 .text.HAL_TIM_MspPostInit
                0x00000000080024e4      0x244 ./Core/Src/stm32f4xx_hal_msp.o
                0x00000000080024e4                HAL_TIM_MspPostInit
 .text.HAL_UART_MspInit
                0x0000000008002728       0x90 ./Core/Src/stm32f4xx_hal_msp.o
                0x0000000008002728                HAL_UART_MspInit
 .text.HAL_PCD_MspInit
                0x00000000080027b8       0xb4 ./Core/Src/stm32f4xx_hal_msp.o
                0x00000000080027b8                HAL_PCD_MspInit
 .text.HAL_InitTick
                0x000000000800286c       0xb4 ./Core/Src/stm32f4xx_hal_timebase_tim.o
                0x000000000800286c                HAL_InitTick
 .text.NMI_Handler
                0x0000000008002920        0x6 ./Core/Src/stm32f4xx_it.o
                0x0000000008002920                NMI_Handler
 .text.HardFault_Handler
                0x0000000008002926        0x6 ./Core/Src/stm32f4xx_it.o
                0x0000000008002926                HardFault_Handler
 .text.MemManage_Handler
                0x000000000800292c        0x6 ./Core/Src/stm32f4xx_it.o
                0x000000000800292c                MemManage_Handler
 .text.BusFault_Handler
                0x0000000008002932        0x6 ./Core/Src/stm32f4xx_it.o
                0x0000000008002932                BusFault_Handler
 .text.UsageFault_Handler
                0x0000000008002938        0x6 ./Core/Src/stm32f4xx_it.o
                0x0000000008002938                UsageFault_Handler
 .text.DebugMon_Handler
                0x000000000800293e        0xe ./Core/Src/stm32f4xx_it.o
                0x000000000800293e                DebugMon_Handler
 .text.TIM8_TRG_COM_TIM14_IRQHandler
                0x000000000800294c       0x1c ./Core/Src/stm32f4xx_it.o
                0x000000000800294c                TIM8_TRG_COM_TIM14_IRQHandler
 .text.DMA2_Stream0_IRQHandler
                0x0000000008002968       0x18 ./Core/Src/stm32f4xx_it.o
                0x0000000008002968                DMA2_Stream0_IRQHandler
 .text.DMA2_Stream2_IRQHandler
                0x0000000008002980       0x18 ./Core/Src/stm32f4xx_it.o
                0x0000000008002980                DMA2_Stream2_IRQHandler
 .text.DMA2_Stream4_IRQHandler
                0x0000000008002998       0x18 ./Core/Src/stm32f4xx_it.o
                0x0000000008002998                DMA2_Stream4_IRQHandler
 .text.SystemInit
                0x00000000080029b0       0x24 ./Core/Src/system_stm32f4xx.o
                0x00000000080029b0                SystemInit
 .text.Reset_Handler
                0x00000000080029d4       0x50 ./Core/Startup/startup_stm32f405zgtx.o
                0x00000000080029d4                Reset_Handler
 .text.Default_Handler
                0x0000000008002a24        0x2 ./Core/Startup/startup_stm32f405zgtx.o
                0x0000000008002a24                RTC_Alarm_IRQHandler
                0x0000000008002a24                HASH_RNG_IRQHandler
                0x0000000008002a24                EXTI2_IRQHandler
                0x0000000008002a24                TIM8_CC_IRQHandler
                0x0000000008002a24                TIM1_CC_IRQHandler
                0x0000000008002a24                DMA2_Stream5_IRQHandler
                0x0000000008002a24                DMA1_Stream5_IRQHandler
                0x0000000008002a24                PVD_IRQHandler
                0x0000000008002a24                SDIO_IRQHandler
                0x0000000008002a24                TAMP_STAMP_IRQHandler
                0x0000000008002a24                CAN2_RX1_IRQHandler
                0x0000000008002a24                EXTI3_IRQHandler
                0x0000000008002a24                TIM1_UP_TIM10_IRQHandler
                0x0000000008002a24                TIM8_UP_TIM13_IRQHandler
                0x0000000008002a24                I2C3_ER_IRQHandler
                0x0000000008002a24                EXTI0_IRQHandler
                0x0000000008002a24                I2C2_EV_IRQHandler
                0x0000000008002a24                DMA1_Stream2_IRQHandler
                0x0000000008002a24                CAN1_RX0_IRQHandler
                0x0000000008002a24                FPU_IRQHandler
                0x0000000008002a24                OTG_HS_WKUP_IRQHandler
                0x0000000008002a24                CAN2_SCE_IRQHandler
                0x0000000008002a24                SPI1_IRQHandler
                0x0000000008002a24                TIM6_DAC_IRQHandler
                0x0000000008002a24                TIM1_BRK_TIM9_IRQHandler
                0x0000000008002a24                CAN2_RX0_IRQHandler
                0x0000000008002a24                DMA2_Stream3_IRQHandler
                0x0000000008002a24                USART6_IRQHandler
                0x0000000008002a24                USART3_IRQHandler
                0x0000000008002a24                CAN1_RX1_IRQHandler
                0x0000000008002a24                UART5_IRQHandler
                0x0000000008002a24                TIM4_IRQHandler
                0x0000000008002a24                I2C1_EV_IRQHandler
                0x0000000008002a24                DMA1_Stream6_IRQHandler
                0x0000000008002a24                DMA1_Stream1_IRQHandler
                0x0000000008002a24                UART4_IRQHandler
                0x0000000008002a24                TIM3_IRQHandler
                0x0000000008002a24                RCC_IRQHandler
                0x0000000008002a24                TIM8_BRK_TIM12_IRQHandler
                0x0000000008002a24                Default_Handler
                0x0000000008002a24                EXTI15_10_IRQHandler
                0x0000000008002a24                ADC_IRQHandler
                0x0000000008002a24                DMA1_Stream7_IRQHandler
                0x0000000008002a24                TIM7_IRQHandler
                0x0000000008002a24                CAN2_TX_IRQHandler
                0x0000000008002a24                TIM5_IRQHandler
                0x0000000008002a24                DMA2_Stream7_IRQHandler
                0x0000000008002a24                I2C3_EV_IRQHandler
                0x0000000008002a24                EXTI9_5_IRQHandler
                0x0000000008002a24                RTC_WKUP_IRQHandler
                0x0000000008002a24                SPI2_IRQHandler
                0x0000000008002a24                OTG_HS_EP1_IN_IRQHandler
                0x0000000008002a24                DMA1_Stream0_IRQHandler
                0x0000000008002a24                CAN1_TX_IRQHandler
                0x0000000008002a24                EXTI4_IRQHandler
                0x0000000008002a24                FSMC_IRQHandler
                0x0000000008002a24                OTG_HS_EP1_OUT_IRQHandler
                0x0000000008002a24                WWDG_IRQHandler
                0x0000000008002a24                TIM2_IRQHandler
                0x0000000008002a24                OTG_FS_WKUP_IRQHandler
                0x0000000008002a24                TIM1_TRG_COM_TIM11_IRQHandler
                0x0000000008002a24                OTG_HS_IRQHandler
                0x0000000008002a24                EXTI1_IRQHandler
                0x0000000008002a24                USART2_IRQHandler
                0x0000000008002a24                I2C2_ER_IRQHandler
                0x0000000008002a24                DMA2_Stream1_IRQHandler
                0x0000000008002a24                CAN1_SCE_IRQHandler
                0x0000000008002a24                FLASH_IRQHandler
                0x0000000008002a24                USART1_IRQHandler
                0x0000000008002a24                OTG_FS_IRQHandler
                0x0000000008002a24                SPI3_IRQHandler
                0x0000000008002a24                DMA1_Stream4_IRQHandler
                0x0000000008002a24                I2C1_ER_IRQHandler
                0x0000000008002a24                DMA2_Stream6_IRQHandler
                0x0000000008002a24                DMA1_Stream3_IRQHandler
 *fill*         0x0000000008002a26        0x2 
 .text.HAL_Init
                0x0000000008002a28       0x44 ./Drivers/STM32F4xx_HAL_Driver/Src/stm32f4xx_hal.o
                0x0000000008002a28                HAL_Init
 .text.HAL_IncTick
                0x0000000008002a6c       0x28 ./Drivers/STM32F4xx_HAL_Driver/Src/stm32f4xx_hal.o
                0x0000000008002a6c                HAL_IncTick
 .text.HAL_GetTick
                0x0000000008002a94       0x18 ./Drivers/STM32F4xx_HAL_Driver/Src/stm32f4xx_hal.o
                0x0000000008002a94                HAL_GetTick
 .text.HAL_Delay
                0x0000000008002aac       0x48 ./Drivers/STM32F4xx_HAL_Driver/Src/stm32f4xx_hal.o
                0x0000000008002aac                HAL_Delay
 .text.HAL_ADC_Init
                0x0000000008002af4       0x86 ./Drivers/STM32F4xx_HAL_Driver/Src/stm32f4xx_hal_adc.o
                0x0000000008002af4                HAL_ADC_Init
 *fill*         0x0000000008002b7a        0x2 
 .text.HAL_ADC_Start_DMA
                0x0000000008002b7c      0x220 ./Drivers/STM32F4xx_HAL_Driver/Src/stm32f4xx_hal_adc.o
                0x0000000008002b7c                HAL_ADC_Start_DMA
 .text.HAL_ADC_Stop_DMA
                0x0000000008002d9c       0xb4 ./Drivers/STM32F4xx_HAL_Driver/Src/stm32f4xx_hal_adc.o
                0x0000000008002d9c                HAL_ADC_Stop_DMA
 .text.HAL_ADC_ConvCpltCallback
                0x0000000008002e50       0x14 ./Drivers/STM32F4xx_HAL_Driver/Src/stm32f4xx_hal_adc.o
                0x0000000008002e50                HAL_ADC_ConvCpltCallback
 .text.HAL_ADC_ConvHalfCpltCallback
                0x0000000008002e64       0x14 ./Drivers/STM32F4xx_HAL_Driver/Src/stm32f4xx_hal_adc.o
                0x0000000008002e64                HAL_ADC_ConvHalfCpltCallback
 .text.HAL_ADC_ErrorCallback
                0x0000000008002e78       0x14 ./Drivers/STM32F4xx_HAL_Driver/Src/stm32f4xx_hal_adc.o
                0x0000000008002e78                HAL_ADC_ErrorCallback
 .text.HAL_ADC_ConfigChannel
                0x0000000008002e8c      0x244 ./Drivers/STM32F4xx_HAL_Driver/Src/stm32f4xx_hal_adc.o
                0x0000000008002e8c                HAL_ADC_ConfigChannel
 .text.ADC_Init
                0x00000000080030d0      0x1f8 ./Drivers/STM32F4xx_HAL_Driver/Src/stm32f4xx_hal_adc.o
 .text.ADC_DMAConvCplt
                0x00000000080032c8       0xba ./Drivers/STM32F4xx_HAL_Driver/Src/stm32f4xx_hal_adc.o
 .text.ADC_DMAHalfConvCplt
                0x0000000008003382       0x1c ./Drivers/STM32F4xx_HAL_Driver/Src/stm32f4xx_hal_adc.o
 .text.ADC_DMAError
                0x000000000800339e       0x2e ./Drivers/STM32F4xx_HAL_Driver/Src/stm32f4xx_hal_adc.o
 .text.HAL_CAN_Init
                0x00000000080033cc      0x1f6 ./Drivers/STM32F4xx_HAL_Driver/Src/stm32f4xx_hal_can.o
                0x00000000080033cc                HAL_CAN_Init
 *fill*         0x00000000080035c2        0x2 
 .text.__NVIC_SetPriorityGrouping
                0x00000000080035c4       0x48 ./Drivers/STM32F4xx_HAL_Driver/Src/stm32f4xx_hal_cortex.o
 .text.__NVIC_GetPriorityGrouping
                0x000000000800360c       0x1c ./Drivers/STM32F4xx_HAL_Driver/Src/stm32f4xx_hal_cortex.o
 .text.__NVIC_EnableIRQ
                0x0000000008003628       0x3c ./Drivers/STM32F4xx_HAL_Driver/Src/stm32f4xx_hal_cortex.o
 .text.__NVIC_SetPriority
                0x0000000008003664       0x54 ./Drivers/STM32F4xx_HAL_Driver/Src/stm32f4xx_hal_cortex.o
 .text.NVIC_EncodePriority
                0x00000000080036b8       0x66 ./Drivers/STM32F4xx_HAL_Driver/Src/stm32f4xx_hal_cortex.o
 .text.HAL_NVIC_SetPriorityGrouping
                0x000000000800371e       0x16 ./Drivers/STM32F4xx_HAL_Driver/Src/stm32f4xx_hal_cortex.o
                0x000000000800371e                HAL_NVIC_SetPriorityGrouping
 .text.HAL_NVIC_SetPriority
                0x0000000008003734       0x38 ./Drivers/STM32F4xx_HAL_Driver/Src/stm32f4xx_hal_cortex.o
                0x0000000008003734                HAL_NVIC_SetPriority
 .text.HAL_NVIC_EnableIRQ
                0x000000000800376c       0x1c ./Drivers/STM32F4xx_HAL_Driver/Src/stm32f4xx_hal_cortex.o
                0x000000000800376c                HAL_NVIC_EnableIRQ
 .text.HAL_DMA_Init
                0x0000000008003788      0x15c ./Drivers/STM32F4xx_HAL_Driver/Src/stm32f4xx_hal_dma.o
                0x0000000008003788                HAL_DMA_Init
 .text.HAL_DMA_Start_IT
                0x00000000080038e4       0xb0 ./Drivers/STM32F4xx_HAL_Driver/Src/stm32f4xx_hal_dma.o
                0x00000000080038e4                HAL_DMA_Start_IT
 .text.HAL_DMA_Abort
                0x0000000008003994       0xe0 ./Drivers/STM32F4xx_HAL_Driver/Src/stm32f4xx_hal_dma.o
                0x0000000008003994                HAL_DMA_Abort
 .text.HAL_DMA_IRQHandler
                0x0000000008003a74      0x314 ./Drivers/STM32F4xx_HAL_Driver/Src/stm32f4xx_hal_dma.o
                0x0000000008003a74                HAL_DMA_IRQHandler
 .text.DMA_SetConfig
                0x0000000008003d88       0x5c ./Drivers/STM32F4xx_HAL_Driver/Src/stm32f4xx_hal_dma.o
 .text.DMA_CalcBaseAndBitshift
                0x0000000008003de4       0x6c ./Drivers/STM32F4xx_HAL_Driver/Src/stm32f4xx_hal_dma.o
 .text.DMA_CheckFifoParam
                0x0000000008003e50       0xf8 ./Drivers/STM32F4xx_HAL_Driver/Src/stm32f4xx_hal_dma.o
 .text.HAL_GPIO_Init
                0x0000000008003f48      0x338 ./Drivers/STM32F4xx_HAL_Driver/Src/stm32f4xx_hal_gpio.o
                0x0000000008003f48                HAL_GPIO_Init
 .text.HAL_GPIO_WritePin
                0x0000000008004280       0x32 ./Drivers/STM32F4xx_HAL_Driver/Src/stm32f4xx_hal_gpio.o
                0x0000000008004280                HAL_GPIO_WritePin
 *fill*         0x00000000080042b2        0x2 
 .text.HAL_I2C_Init
                0x00000000080042b4      0x288 ./Drivers/STM32F4xx_HAL_Driver/Src/stm32f4xx_hal_i2c.o
                0x00000000080042b4                HAL_I2C_Init
 .text.HAL_PCD_Init
                0x000000000800453c      0x23a ./Drivers/STM32F4xx_HAL_Driver/Src/stm32f4xx_hal_pcd.o
                0x000000000800453c                HAL_PCD_Init
 *fill*         0x0000000008004776        0x2 
 .text.HAL_RCC_OscConfig
                0x0000000008004778      0x4f0 ./Drivers/STM32F4xx_HAL_Driver/Src/stm32f4xx_hal_rcc.o
                0x0000000008004778                HAL_RCC_OscConfig
 .text.HAL_RCC_ClockConfig
                0x0000000008004c68      0x1cc ./Drivers/STM32F4xx_HAL_Driver/Src/stm32f4xx_hal_rcc.o
                0x0000000008004c68                HAL_RCC_ClockConfig
 .text.HAL_RCC_GetSysClockFreq
                0x0000000008004e34      0x20c ./Drivers/STM32F4xx_HAL_Driver/Src/stm32f4xx_hal_rcc.o
                0x0000000008004e34                HAL_RCC_GetSysClockFreq
 .text.HAL_RCC_GetHCLKFreq
                0x0000000008005040       0x18 ./Drivers/STM32F4xx_HAL_Driver/Src/stm32f4xx_hal_rcc.o
                0x0000000008005040                HAL_RCC_GetHCLKFreq
 .text.HAL_RCC_GetPCLK1Freq
                0x0000000008005058       0x28 ./Drivers/STM32F4xx_HAL_Driver/Src/stm32f4xx_hal_rcc.o
                0x0000000008005058                HAL_RCC_GetPCLK1Freq
 .text.HAL_RCC_GetPCLK2Freq
                0x0000000008005080       0x28 ./Drivers/STM32F4xx_HAL_Driver/Src/stm32f4xx_hal_rcc.o
                0x0000000008005080                HAL_RCC_GetPCLK2Freq
 .text.HAL_RCC_GetClockConfig
                0x00000000080050a8       0x64 ./Drivers/STM32F4xx_HAL_Driver/Src/stm32f4xx_hal_rcc.o
                0x00000000080050a8                HAL_RCC_GetClockConfig
 .text.HAL_TIM_Base_Init
                0x000000000800510c       0x9e ./Drivers/STM32F4xx_HAL_Driver/Src/stm32f4xx_hal_tim.o
                0x000000000800510c                HAL_TIM_Base_Init
 *fill*         0x00000000080051aa        0x2 
 .text.HAL_TIM_Base_Start_IT
                0x00000000080051ac       0xe0 ./Drivers/STM32F4xx_HAL_Driver/Src/stm32f4xx_hal_tim.o
                0x00000000080051ac                HAL_TIM_Base_Start_IT
 .text.HAL_TIM_OC_Init
                0x000000000800528c       0x9e ./Drivers/STM32F4xx_HAL_Driver/Src/stm32f4xx_hal_tim.o
                0x000000000800528c                HAL_TIM_OC_Init
 .text.HAL_TIM_OC_MspInit
                0x000000000800532a       0x14 ./Drivers/STM32F4xx_HAL_Driver/Src/stm32f4xx_hal_tim.o
                0x000000000800532a                HAL_TIM_OC_MspInit
 .text.HAL_TIM_PWM_Init
                0x000000000800533e       0x9e ./Drivers/STM32F4xx_HAL_Driver/Src/stm32f4xx_hal_tim.o
                0x000000000800533e                HAL_TIM_PWM_Init
 .text.HAL_TIM_PWM_MspInit
                0x00000000080053dc       0x14 ./Drivers/STM32F4xx_HAL_Driver/Src/stm32f4xx_hal_tim.o
                0x00000000080053dc                HAL_TIM_PWM_MspInit
 .text.HAL_TIM_PWM_Start
                0x00000000080053f0      0x190 ./Drivers/STM32F4xx_HAL_Driver/Src/stm32f4xx_hal_tim.o
                0x00000000080053f0                HAL_TIM_PWM_Start
 .text.HAL_TIM_PWM_Stop
                0x0000000008005580       0xe0 ./Drivers/STM32F4xx_HAL_Driver/Src/stm32f4xx_hal_tim.o
                0x0000000008005580                HAL_TIM_PWM_Stop
 .text.HAL_TIM_IRQHandler
                0x0000000008005660      0x210 ./Drivers/STM32F4xx_HAL_Driver/Src/stm32f4xx_hal_tim.o
                0x0000000008005660                HAL_TIM_IRQHandler
 .text.HAL_TIM_OC_ConfigChannel
                0x0000000008005870       0xb8 ./Drivers/STM32F4xx_HAL_Driver/Src/stm32f4xx_hal_tim.o
                0x0000000008005870                HAL_TIM_OC_ConfigChannel
 .text.HAL_TIM_PWM_ConfigChannel
                0x0000000008005928      0x184 ./Drivers/STM32F4xx_HAL_Driver/Src/stm32f4xx_hal_tim.o
                0x0000000008005928                HAL_TIM_PWM_ConfigChannel
 .text.HAL_TIM_ConfigClockSource
                0x0000000008005aac      0x18e ./Drivers/STM32F4xx_HAL_Driver/Src/stm32f4xx_hal_tim.o
                0x0000000008005aac                HAL_TIM_ConfigClockSource
 .text.HAL_TIM_OC_DelayElapsedCallback
                0x0000000008005c3a       0x14 ./Drivers/STM32F4xx_HAL_Driver/Src/stm32f4xx_hal_tim.o
                0x0000000008005c3a                HAL_TIM_OC_DelayElapsedCallback
 .text.HAL_TIM_IC_CaptureCallback
                0x0000000008005c4e       0x14 ./Drivers/STM32F4xx_HAL_Driver/Src/stm32f4xx_hal_tim.o
                0x0000000008005c4e                HAL_TIM_IC_CaptureCallback
 .text.HAL_TIM_PWM_PulseFinishedCallback
                0x0000000008005c62       0x14 ./Drivers/STM32F4xx_HAL_Driver/Src/stm32f4xx_hal_tim.o
                0x0000000008005c62                HAL_TIM_PWM_PulseFinishedCallback
 .text.HAL_TIM_TriggerCallback
                0x0000000008005c76       0x14 ./Drivers/STM32F4xx_HAL_Driver/Src/stm32f4xx_hal_tim.o
                0x0000000008005c76                HAL_TIM_TriggerCallback
 *fill*         0x0000000008005c8a        0x2 
 .text.TIM_Base_SetConfig
                0x0000000008005c8c      0x140 ./Drivers/STM32F4xx_HAL_Driver/Src/stm32f4xx_hal_tim.o
                0x0000000008005c8c                TIM_Base_SetConfig
 .text.TIM_OC1_SetConfig
                0x0000000008005dcc       0xe0 ./Drivers/STM32F4xx_HAL_Driver/Src/stm32f4xx_hal_tim.o
 .text.TIM_OC2_SetConfig
                0x0000000008005eac       0xec ./Drivers/STM32F4xx_HAL_Driver/Src/stm32f4xx_hal_tim.o
                0x0000000008005eac                TIM_OC2_SetConfig
 .text.TIM_OC3_SetConfig
                0x0000000008005f98       0xe8 ./Drivers/STM32F4xx_HAL_Driver/Src/stm32f4xx_hal_tim.o
 .text.TIM_OC4_SetConfig
                0x0000000008006080       0xac ./Drivers/STM32F4xx_HAL_Driver/Src/stm32f4xx_hal_tim.o
 .text.TIM_TI1_ConfigInputStage
                0x000000000800612c       0x5e ./Drivers/STM32F4xx_HAL_Driver/Src/stm32f4xx_hal_tim.o
 .text.TIM_TI2_ConfigInputStage
                0x000000000800618a       0x60 ./Drivers/STM32F4xx_HAL_Driver/Src/stm32f4xx_hal_tim.o
 .text.TIM_ITRx_SetConfig
                0x00000000080061ea       0x36 ./Drivers/STM32F4xx_HAL_Driver/Src/stm32f4xx_hal_tim.o
 .text.TIM_ETR_SetConfig
                0x0000000008006220       0x40 ./Drivers/STM32F4xx_HAL_Driver/Src/stm32f4xx_hal_tim.o
                0x0000000008006220                TIM_ETR_SetConfig
 .text.TIM_CCxChannelCmd
                0x0000000008006260       0x4a ./Drivers/STM32F4xx_HAL_Driver/Src/stm32f4xx_hal_tim.o
                0x0000000008006260                TIM_CCxChannelCmd
 *fill*         0x00000000080062aa        0x2 
 .text.HAL_TIMEx_MasterConfigSynchronization
                0x00000000080062ac       0xf8 ./Drivers/STM32F4xx_HAL_Driver/Src/stm32f4xx_hal_tim_ex.o
                0x00000000080062ac                HAL_TIMEx_MasterConfigSynchronization
 .text.HAL_TIMEx_ConfigBreakDeadTime
                0x00000000080063a4       0xa4 ./Drivers/STM32F4xx_HAL_Driver/Src/stm32f4xx_hal_tim_ex.o
                0x00000000080063a4                HAL_TIMEx_ConfigBreakDeadTime
 .text.HAL_TIMEx_CommutCallback
                0x0000000008006448       0x14 ./Drivers/STM32F4xx_HAL_Driver/Src/stm32f4xx_hal_tim_ex.o
                0x0000000008006448                HAL_TIMEx_CommutCallback
 .text.HAL_TIMEx_BreakCallback
                0x000000000800645c       0x14 ./Drivers/STM32F4xx_HAL_Driver/Src/stm32f4xx_hal_tim_ex.o
                0x000000000800645c                HAL_TIMEx_BreakCallback
 .text.HAL_UART_Init
                0x0000000008006470       0x9a ./Drivers/STM32F4xx_HAL_Driver/Src/stm32f4xx_hal_uart.o
                0x0000000008006470                HAL_UART_Init
 *fill*         0x000000000800650a        0x2 
 .text.UART_SetConfig
                0x000000000800650c      0x4e8 ./Drivers/STM32F4xx_HAL_Driver/Src/stm32f4xx_hal_uart.o
 .text.USB_CoreInit
                0x00000000080069f4       0xc2 ./Drivers/STM32F4xx_HAL_Driver/Src/stm32f4xx_ll_usb.o
                0x00000000080069f4                USB_CoreInit
 .text.USB_DisableGlobalInt
                0x0000000008006ab6       0x22 ./Drivers/STM32F4xx_HAL_Driver/Src/stm32f4xx_ll_usb.o
                0x0000000008006ab6                USB_DisableGlobalInt
 .text.USB_SetCurrentMode
                0x0000000008006ad8       0x98 ./Drivers/STM32F4xx_HAL_Driver/Src/stm32f4xx_ll_usb.o
                0x0000000008006ad8                USB_SetCurrentMode
 .text.USB_DevInit
                0x0000000008006b70      0x2c8 ./Drivers/STM32F4xx_HAL_Driver/Src/stm32f4xx_ll_usb.o
                0x0000000008006b70                USB_DevInit
 .text.USB_FlushTxFifo
                0x0000000008006e38       0x68 ./Drivers/STM32F4xx_HAL_Driver/Src/stm32f4xx_ll_usb.o
                0x0000000008006e38                USB_FlushTxFifo
 .text.USB_FlushRxFifo
                0x0000000008006ea0       0x60 ./Drivers/STM32F4xx_HAL_Driver/Src/stm32f4xx_ll_usb.o
                0x0000000008006ea0                USB_FlushRxFifo
 .text.USB_SetDevSpeed
                0x0000000008006f00       0x32 ./Drivers/STM32F4xx_HAL_Driver/Src/stm32f4xx_ll_usb.o
                0x0000000008006f00                USB_SetDevSpeed
 .text.USB_DevDisconnect
                0x0000000008006f32       0x42 ./Drivers/STM32F4xx_HAL_Driver/Src/stm32f4xx_ll_usb.o
                0x0000000008006f32                USB_DevDisconnect
 .text.USB_GetMode
                0x0000000008006f74       0x1c ./Drivers/STM32F4xx_HAL_Driver/Src/stm32f4xx_ll_usb.o
                0x0000000008006f74                USB_GetMode
 .text.USB_CoreReset
                0x0000000008006f90       0x68 ./Drivers/STM32F4xx_HAL_Driver/Src/stm32f4xx_ll_usb.o
 .text.__NVIC_SetPriority
                0x0000000008006ff8       0x54 ./Middlewares/Third_Party/FreeRTOS/Source/CMSIS_RTOS_V2/cmsis_os2.o
 .text.SysTick_Handler
                0x000000000800704c       0x20 ./Middlewares/Third_Party/FreeRTOS/Source/CMSIS_RTOS_V2/cmsis_os2.o
                0x000000000800704c                SysTick_Handler
 .text.SVC_Setup
                0x000000000800706c       0x12 ./Middlewares/Third_Party/FreeRTOS/Source/CMSIS_RTOS_V2/cmsis_os2.o
 *fill*         0x000000000800707e        0x2 
 .text.osKernelInitialize
                0x0000000008007080       0x48 ./Middlewares/Third_Party/FreeRTOS/Source/CMSIS_RTOS_V2/cmsis_os2.o
                0x0000000008007080                osKernelInitialize
 .text.osKernelStart
                0x00000000080070c8       0x4c ./Middlewares/Third_Party/FreeRTOS/Source/CMSIS_RTOS_V2/cmsis_os2.o
                0x00000000080070c8                osKernelStart
 .text.osThreadNew
                0x0000000008007114      0x124 ./Middlewares/Third_Party/FreeRTOS/Source/CMSIS_RTOS_V2/cmsis_os2.o
                0x0000000008007114                osThreadNew
 .text.osDelay  0x0000000008007238       0x36 ./Middlewares/Third_Party/FreeRTOS/Source/CMSIS_RTOS_V2/cmsis_os2.o
                0x0000000008007238                osDelay
 *fill*         0x000000000800726e        0x2 
 .text.vApplicationGetIdleTaskMemory
                0x0000000008007270       0x34 ./Middlewares/Third_Party/FreeRTOS/Source/CMSIS_RTOS_V2/cmsis_os2.o
                0x0000000008007270                vApplicationGetIdleTaskMemory
 .text.vApplicationGetTimerTaskMemory
                0x00000000080072a4       0x34 ./Middlewares/Third_Party/FreeRTOS/Source/CMSIS_RTOS_V2/cmsis_os2.o
                0x00000000080072a4                vApplicationGetTimerTaskMemory
 .text.xEventGroupCreateStatic
                0x00000000080072d8       0x6e ./Middlewares/Third_Party/FreeRTOS/Source/event_groups.o
                0x00000000080072d8                xEventGroupCreateStatic
 *fill*         0x0000000008007346        0x2 
 .text.xEventGroupWaitBits
                0x0000000008007348      0x19c ./Middlewares/Third_Party/FreeRTOS/Source/event_groups.o
                0x0000000008007348                xEventGroupWaitBits
 .text.xEventGroupSetBits
                0x00000000080074e4      0x116 ./Middlewares/Third_Party/FreeRTOS/Source/event_groups.o
                0x00000000080074e4                xEventGroupSetBits
 .text.vEventGroupSetBitsCallback
                0x00000000080075fa       0x1a ./Middlewares/Third_Party/FreeRTOS/Source/event_groups.o
                0x00000000080075fa                vEventGroupSetBitsCallback
 .text.prvTestWaitCondition
                0x0000000008007614       0x44 ./Middlewares/Third_Party/FreeRTOS/Source/event_groups.o
 .text.xEventGroupSetBitsFromISR
                0x0000000008007658       0x28 ./Middlewares/Third_Party/FreeRTOS/Source/event_groups.o
                0x0000000008007658                xEventGroupSetBitsFromISR
 .text.vListInitialise
                0x0000000008007680       0x40 ./Middlewares/Third_Party/FreeRTOS/Source/list.o
                0x0000000008007680                vListInitialise
 .text.vListInitialiseItem
                0x00000000080076c0       0x1a ./Middlewares/Third_Party/FreeRTOS/Source/list.o
                0x00000000080076c0                vListInitialiseItem
 .text.vListInsertEnd
                0x00000000080076da       0x48 ./Middlewares/Third_Party/FreeRTOS/Source/list.o
                0x00000000080076da                vListInsertEnd
 .text.vListInsert
                0x0000000008007722       0x72 ./Middlewares/Third_Party/FreeRTOS/Source/list.o
                0x0000000008007722                vListInsert
 .text.uxListRemove
                0x0000000008007794       0x54 ./Middlewares/Third_Party/FreeRTOS/Source/list.o
                0x0000000008007794                uxListRemove
 .text.xQueueGenericReset
                0x00000000080077e8       0xd0 ./Middlewares/Third_Party/FreeRTOS/Source/queue.o
                0x00000000080077e8                xQueueGenericReset
 .text.xQueueGenericCreateStatic
                0x00000000080078b8       0xf0 ./Middlewares/Third_Party/FreeRTOS/Source/queue.o
                0x00000000080078b8                xQueueGenericCreateStatic
 .text.prvInitialiseNewQueue
                0x00000000080079a8       0x46 ./Middlewares/Third_Party/FreeRTOS/Source/queue.o
 *fill*         0x00000000080079ee        0x2 
 .text.xQueueGenericSend
                0x00000000080079f0      0x1fc ./Middlewares/Third_Party/FreeRTOS/Source/queue.o
                0x00000000080079f0                xQueueGenericSend
 .text.xQueueGenericSendFromISR
                0x0000000008007bec      0x136 ./Middlewares/Third_Party/FreeRTOS/Source/queue.o
                0x0000000008007bec                xQueueGenericSendFromISR
 *fill*         0x0000000008007d22        0x2 
 .text.xQueueReceive
                0x0000000008007d24      0x1c0 ./Middlewares/Third_Party/FreeRTOS/Source/queue.o
                0x0000000008007d24                xQueueReceive
 .text.prvCopyDataToQueue
                0x0000000008007ee4       0xd4 ./Middlewares/Third_Party/FreeRTOS/Source/queue.o
 .text.prvCopyDataFromQueue
                0x0000000008007fb8       0x4c ./Middlewares/Third_Party/FreeRTOS/Source/queue.o
 .text.prvUnlockQueue
                0x0000000008008004       0xa4 ./Middlewares/Third_Party/FreeRTOS/Source/queue.o
 .text.prvIsQueueEmpty
                0x00000000080080a8       0x2c ./Middlewares/Third_Party/FreeRTOS/Source/queue.o
 .text.prvIsQueueFull
                0x00000000080080d4       0x30 ./Middlewares/Third_Party/FreeRTOS/Source/queue.o
 .text.vQueueAddToRegistry
                0x0000000008008104       0x54 ./Middlewares/Third_Party/FreeRTOS/Source/queue.o
                0x0000000008008104                vQueueAddToRegistry
 .text.vQueueWaitForMessageRestricted
                0x0000000008008158       0x68 ./Middlewares/Third_Party/FreeRTOS/Source/queue.o
                0x0000000008008158                vQueueWaitForMessageRestricted
 .text.xTaskCreateStatic
                0x00000000080081c0       0xba ./Middlewares/Third_Party/FreeRTOS/Source/tasks.o
                0x00000000080081c0                xTaskCreateStatic
 .text.xTaskCreate
                0x000000000800827a       0x8a ./Middlewares/Third_Party/FreeRTOS/Source/tasks.o
                0x000000000800827a                xTaskCreate
 .text.prvInitialiseNewTask
                0x0000000008008304      0x14c ./Middlewares/Third_Party/FreeRTOS/Source/tasks.o
 .text.prvAddNewTaskToReadyList
                0x0000000008008450       0xe0 ./Middlewares/Third_Party/FreeRTOS/Source/tasks.o
 .text.vTaskDelay
                0x0000000008008530       0x68 ./Middlewares/Third_Party/FreeRTOS/Source/tasks.o
                0x0000000008008530                vTaskDelay
 .text.vTaskStartScheduler
                0x0000000008008598       0xe0 ./Middlewares/Third_Party/FreeRTOS/Source/tasks.o
                0x0000000008008598                vTaskStartScheduler
 .text.vTaskSuspendAll
                0x0000000008008678       0x1c ./Middlewares/Third_Party/FreeRTOS/Source/tasks.o
                0x0000000008008678                vTaskSuspendAll
 .text.xTaskResumeAll
                0x0000000008008694      0x13c ./Middlewares/Third_Party/FreeRTOS/Source/tasks.o
                0x0000000008008694                xTaskResumeAll
 .text.xTaskGetTickCount
                0x00000000080087d0       0x20 ./Middlewares/Third_Party/FreeRTOS/Source/tasks.o
                0x00000000080087d0                xTaskGetTickCount
 .text.xTaskIncrementTick
                0x00000000080087f0      0x174 ./Middlewares/Third_Party/FreeRTOS/Source/tasks.o
                0x00000000080087f0                xTaskIncrementTick
 .text.vTaskSwitchContext
                0x0000000008008964       0xc8 ./Middlewares/Third_Party/FreeRTOS/Source/tasks.o
                0x0000000008008964                vTaskSwitchContext
 .text.vTaskPlaceOnEventList
                0x0000000008008a2c       0x48 ./Middlewares/Third_Party/FreeRTOS/Source/tasks.o
                0x0000000008008a2c                vTaskPlaceOnEventList
 .text.vTaskPlaceOnUnorderedEventList
                0x0000000008008a74       0x78 ./Middlewares/Third_Party/FreeRTOS/Source/tasks.o
                0x0000000008008a74                vTaskPlaceOnUnorderedEventList
 .text.vTaskPlaceOnEventListRestricted
                0x0000000008008aec       0x58 ./Middlewares/Third_Party/FreeRTOS/Source/tasks.o
                0x0000000008008aec                vTaskPlaceOnEventListRestricted
 .text.xTaskRemoveFromEventList
                0x0000000008008b44       0xc8 ./Middlewares/Third_Party/FreeRTOS/Source/tasks.o
                0x0000000008008b44                xTaskRemoveFromEventList
 .text.vTaskRemoveFromUnorderedEventList
                0x0000000008008c0c       0xc4 ./Middlewares/Third_Party/FreeRTOS/Source/tasks.o
                0x0000000008008c0c                vTaskRemoveFromUnorderedEventList
 .text.vTaskInternalSetTimeOutState
                0x0000000008008cd0       0x2c ./Middlewares/Third_Party/FreeRTOS/Source/tasks.o
                0x0000000008008cd0                vTaskInternalSetTimeOutState
 .text.xTaskCheckForTimeOut
                0x0000000008008cfc       0xc4 ./Middlewares/Third_Party/FreeRTOS/Source/tasks.o
                0x0000000008008cfc                xTaskCheckForTimeOut
 .text.vTaskMissedYield
                0x0000000008008dc0       0x18 ./Middlewares/Third_Party/FreeRTOS/Source/tasks.o
                0x0000000008008dc0                vTaskMissedYield
 .text.prvIdleTask
                0x0000000008008dd8       0x30 ./Middlewares/Third_Party/FreeRTOS/Source/tasks.o
 .text.prvInitialiseTaskLists
                0x0000000008008e08       0x80 ./Middlewares/Third_Party/FreeRTOS/Source/tasks.o
 .text.prvCheckTasksWaitingTermination
                0x0000000008008e88       0x5c ./Middlewares/Third_Party/FreeRTOS/Source/tasks.o
 .text.prvDeleteTCB
                0x0000000008008ee4       0x68 ./Middlewares/Third_Party/FreeRTOS/Source/tasks.o
 .text.prvResetNextTaskUnblockTime
                0x0000000008008f4c       0x40 ./Middlewares/Third_Party/FreeRTOS/Source/tasks.o
 .text.xTaskGetSchedulerState
                0x0000000008008f8c       0x3c ./Middlewares/Third_Party/FreeRTOS/Source/tasks.o
                0x0000000008008f8c                xTaskGetSchedulerState
 .text.xTaskPriorityDisinherit
                0x0000000008008fc8       0xdc ./Middlewares/Third_Party/FreeRTOS/Source/tasks.o
                0x0000000008008fc8                xTaskPriorityDisinherit
 .text.uxTaskResetEventItemValue
                0x00000000080090a4       0x30 ./Middlewares/Third_Party/FreeRTOS/Source/tasks.o
                0x00000000080090a4                uxTaskResetEventItemValue
 .text.prvAddCurrentTaskToDelayedList
                0x00000000080090d4       0xa8 ./Middlewares/Third_Party/FreeRTOS/Source/tasks.o
 .text.xTimerCreateTimerTask
                0x000000000800917c       0x90 ./Middlewares/Third_Party/FreeRTOS/Source/timers.o
                0x000000000800917c                xTimerCreateTimerTask
 .text.xTimerGenericCommand
                0x000000000800920c       0x9c ./Middlewares/Third_Party/FreeRTOS/Source/timers.o
                0x000000000800920c                xTimerGenericCommand
 .text.prvProcessExpiredTimer
                0x00000000080092a8       0x98 ./Middlewares/Third_Party/FreeRTOS/Source/timers.o
 .text.prvTimerTask
                0x0000000008009340       0x24 ./Middlewares/Third_Party/FreeRTOS/Source/timers.o
 .text.prvProcessTimerOrBlockTask
                0x0000000008009364       0x9c ./Middlewares/Third_Party/FreeRTOS/Source/timers.o
 .text.prvGetNextExpireTime
                0x0000000008009400       0x48 ./Middlewares/Third_Party/FreeRTOS/Source/timers.o
 .text.prvSampleTimeNow
                0x0000000008009448       0x40 ./Middlewares/Third_Party/FreeRTOS/Source/timers.o
 .text.prvInsertTimerInActiveList
                0x0000000008009488       0x84 ./Middlewares/Third_Party/FreeRTOS/Source/timers.o
 .text.prvProcessReceivedCommands
                0x000000000800950c      0x1c4 ./Middlewares/Third_Party/FreeRTOS/Source/timers.o
 .text.prvSwitchTimerLists
                0x00000000080096d0       0xc8 ./Middlewares/Third_Party/FreeRTOS/Source/timers.o
 .text.prvCheckForValidListAndQueue
                0x0000000008009798       0x80 ./Middlewares/Third_Party/FreeRTOS/Source/timers.o
 .text.xTimerPendFunctionCallFromISR
                0x0000000008009818       0x40 ./Middlewares/Third_Party/FreeRTOS/Source/timers.o
                0x0000000008009818                xTimerPendFunctionCallFromISR
 .text.pxPortInitialiseStack
                0x0000000008009858       0x68 ./Middlewares/Third_Party/FreeRTOS/Source/portable/GCC/ARM_CM4F/port.o
                0x0000000008009858                pxPortInitialiseStack
 .text.prvTaskExitError
                0x00000000080098c0       0x58 ./Middlewares/Third_Party/FreeRTOS/Source/portable/GCC/ARM_CM4F/port.o
 *fill*         0x0000000008009918        0x8 
 .text.SVC_Handler
                0x0000000008009920       0x28 ./Middlewares/Third_Party/FreeRTOS/Source/portable/GCC/ARM_CM4F/port.o
                0x0000000008009920                SVC_Handler
 .text.prvPortStartFirstTask
                0x0000000008009948       0x28 ./Middlewares/Third_Party/FreeRTOS/Source/portable/GCC/ARM_CM4F/port.o
 .text.xPortStartScheduler
                0x0000000008009970      0x144 ./Middlewares/Third_Party/FreeRTOS/Source/portable/GCC/ARM_CM4F/port.o
                0x0000000008009970                xPortStartScheduler
 .text.vPortEnterCritical
                0x0000000008009ab4       0x60 ./Middlewares/Third_Party/FreeRTOS/Source/portable/GCC/ARM_CM4F/port.o
                0x0000000008009ab4                vPortEnterCritical
 .text.vPortExitCritical
                0x0000000008009b14       0x54 ./Middlewares/Third_Party/FreeRTOS/Source/portable/GCC/ARM_CM4F/port.o
                0x0000000008009b14                vPortExitCritical
 *fill*         0x0000000008009b68        0x8 
 .text.PendSV_Handler
                0x0000000008009b70       0x68 ./Middlewares/Third_Party/FreeRTOS/Source/portable/GCC/ARM_CM4F/port.o
                0x0000000008009b70                PendSV_Handler
 .text.xPortSysTickHandler
                0x0000000008009bd8       0x44 ./Middlewares/Third_Party/FreeRTOS/Source/portable/GCC/ARM_CM4F/port.o
                0x0000000008009bd8                xPortSysTickHandler
 .text.vPortSetupTimerInterrupt
                0x0000000008009c1c       0x48 ./Middlewares/Third_Party/FreeRTOS/Source/portable/GCC/ARM_CM4F/port.o
                0x0000000008009c1c                vPortSetupTimerInterrupt
 .text.vPortEnableVFP
                0x0000000008009c64       0x14 ./Middlewares/Third_Party/FreeRTOS/Source/portable/GCC/ARM_CM4F/port.o
 .text.vPortValidateInterruptPriority
                0x0000000008009c78       0x80 ./Middlewares/Third_Party/FreeRTOS/Source/portable/GCC/ARM_CM4F/port.o
                0x0000000008009c78                vPortValidateInterruptPriority
 .text.pvPortMalloc
                0x0000000008009cf8      0x198 ./Middlewares/Third_Party/FreeRTOS/Source/portable/MemMang/heap_4.o
                0x0000000008009cf8                pvPortMalloc
 .text.vPortFree
                0x0000000008009e90       0xc4 ./Middlewares/Third_Party/FreeRTOS/Source/portable/MemMang/heap_4.o
                0x0000000008009e90                vPortFree
 .text.prvHeapInit
                0x0000000008009f54       0xc4 ./Middlewares/Third_Party/FreeRTOS/Source/portable/MemMang/heap_4.o
 .text.prvInsertBlockIntoFreeList
                0x000000000800a018       0xb4 ./Middlewares/Third_Party/FreeRTOS/Source/portable/MemMang/heap_4.o
 .text.vHWOutConfig
                0x000000000800a0cc       0xd4 ./Shell/PDMhardware.o
                0x000000000800a0cc                vHWOutConfig
 .text.vHWOutSetState
                0x000000000800a1a0       0x52 ./Shell/PDMhardware.o
                0x000000000800a1a0                vHWOutSetState
 *fill*         0x000000000800a1f2        0x2 
 .text.vHWOutInit
                0x000000000800a1f4      0x1c8 ./Shell/PDMhardware.o
                0x000000000800a1f4                vHWOutInit
 .text.vADCTask
                0x000000000800a3bc       0x84 ./Shell/PDMhardware.o
                0x000000000800a3bc                vADCTask
 .text.vGetAverDataFromRAW
                0x000000000800a440       0x88 ./Shell/PDMhardware.o
                0x000000000800a440                vGetAverDataFromRAW
 .text.vDataConvertToFloat
                0x000000000800a4c8      0x228 ./Shell/PDMhardware.o
                0x000000000800a4c8                vDataConvertToFloat
 .text.vADC_Ready
                0x000000000800a6f0       0x84 ./Shell/PDMhardware.o
                0x000000000800a6f0                vADC_Ready
 .text.vHWGetTimer
                0x000000000800a774      0x180 ./Shell/PDMhardware.o
                0x000000000800a774                vHWGetTimer
 .text.vLuaTask
                0x000000000800a8f4       0x10 ./Shell/luatask.o
                0x000000000800a8f4                vLuaTask
 .text.__libc_init_array
                0x000000000800a904       0x48 d:/st/stm32cubeide_1.7.0/stm32cubeide/plugins/com.st.stm32cube.ide.mcu.externaltools.gnu-tools-for-stm32.10.3-2021.10.win32_1.0.0.202111181127/tools/bin/../lib/gcc/arm-none-eabi/10.3.1/../../../../arm-none-eabi/lib/thumb/v7e-m+fp/hard\libc_nano.a(lib_a-init.o)
                0x000000000800a904                __libc_init_array
 .text.__retarget_lock_acquire_recursive
                0x000000000800a94c        0x2 d:/st/stm32cubeide_1.7.0/stm32cubeide/plugins/com.st.stm32cube.ide.mcu.externaltools.gnu-tools-for-stm32.10.3-2021.10.win32_1.0.0.202111181127/tools/bin/../lib/gcc/arm-none-eabi/10.3.1/../../../../arm-none-eabi/lib/thumb/v7e-m+fp/hard\libc_nano.a(lib_a-lock.o)
                0x000000000800a94c                __retarget_lock_acquire_recursive
 .text.__retarget_lock_release_recursive
                0x000000000800a94e        0x2 d:/st/stm32cubeide_1.7.0/stm32cubeide/plugins/com.st.stm32cube.ide.mcu.externaltools.gnu-tools-for-stm32.10.3-2021.10.win32_1.0.0.202111181127/tools/bin/../lib/gcc/arm-none-eabi/10.3.1/../../../../arm-none-eabi/lib/thumb/v7e-m+fp/hard\libc_nano.a(lib_a-lock.o)
                0x000000000800a94e                __retarget_lock_release_recursive
 .text.memcpy   0x000000000800a950       0x1c d:/st/stm32cubeide_1.7.0/stm32cubeide/plugins/com.st.stm32cube.ide.mcu.externaltools.gnu-tools-for-stm32.10.3-2021.10.win32_1.0.0.202111181127/tools/bin/../lib/gcc/arm-none-eabi/10.3.1/../../../../arm-none-eabi/lib/thumb/v7e-m+fp/hard\libc_nano.a(lib_a-memcpy-stub.o)
                0x000000000800a950                memcpy
 .text.memset   0x000000000800a96c       0x10 d:/st/stm32cubeide_1.7.0/stm32cubeide/plugins/com.st.stm32cube.ide.mcu.externaltools.gnu-tools-for-stm32.10.3-2021.10.win32_1.0.0.202111181127/tools/bin/../lib/gcc/arm-none-eabi/10.3.1/../../../../arm-none-eabi/lib/thumb/v7e-m+fp/hard\libc_nano.a(lib_a-memset.o)
                0x000000000800a96c                memset
 .text.cleanup_glue
                0x000000000800a97c       0x1a d:/st/stm32cubeide_1.7.0/stm32cubeide/plugins/com.st.stm32cube.ide.mcu.externaltools.gnu-tools-for-stm32.10.3-2021.10.win32_1.0.0.202111181127/tools/bin/../lib/gcc/arm-none-eabi/10.3.1/../../../../arm-none-eabi/lib/thumb/v7e-m+fp/hard\libc_nano.a(lib_a-reent.o)
                0x000000000800a97c                cleanup_glue
 *fill*         0x000000000800a996        0x2 
 .text._reclaim_reent
                0x000000000800a998       0xb8 d:/st/stm32cubeide_1.7.0/stm32cubeide/plugins/com.st.stm32cube.ide.mcu.externaltools.gnu-tools-for-stm32.10.3-2021.10.win32_1.0.0.202111181127/tools/bin/../lib/gcc/arm-none-eabi/10.3.1/../../../../arm-none-eabi/lib/thumb/v7e-m+fp/hard\libc_nano.a(lib_a-reent.o)
                0x000000000800a998                _reclaim_reent
 .text.__malloc_lock
                0x000000000800aa50        0xc d:/st/stm32cubeide_1.7.0/stm32cubeide/plugins/com.st.stm32cube.ide.mcu.externaltools.gnu-tools-for-stm32.10.3-2021.10.win32_1.0.0.202111181127/tools/bin/../lib/gcc/arm-none-eabi/10.3.1/../../../../arm-none-eabi/lib/thumb/v7e-m+fp/hard\libc_nano.a(lib_a-mlock.o)
                0x000000000800aa50                __malloc_lock
 .text.__malloc_unlock
                0x000000000800aa5c        0xc d:/st/stm32cubeide_1.7.0/stm32cubeide/plugins/com.st.stm32cube.ide.mcu.externaltools.gnu-tools-for-stm32.10.3-2021.10.win32_1.0.0.202111181127/tools/bin/../lib/gcc/arm-none-eabi/10.3.1/../../../../arm-none-eabi/lib/thumb/v7e-m+fp/hard\libc_nano.a(lib_a-mlock.o)
                0x000000000800aa5c                __malloc_unlock
 .text._free_r  0x000000000800aa68       0x98 d:/st/stm32cubeide_1.7.0/stm32cubeide/plugins/com.st.stm32cube.ide.mcu.externaltools.gnu-tools-for-stm32.10.3-2021.10.win32_1.0.0.202111181127/tools/bin/../lib/gcc/arm-none-eabi/10.3.1/../../../../arm-none-eabi/lib/thumb/v7e-m+fp/hard\libc_nano.a(lib_a-nano-freer.o)
                0x000000000800aa68                _free_r
 *(.glue_7)
 .glue_7        0x000000000800ab00        0x0 linker stubs
 *(.glue_7t)
 .glue_7t       0x000000000800ab00        0x0 linker stubs
 *(.eh_frame)
 .eh_frame      0x000000000800ab00        0x0 d:/st/stm32cubeide_1.7.0/stm32cubeide/plugins/com.st.stm32cube.ide.mcu.externaltools.gnu-tools-for-stm32.10.3-2021.10.win32_1.0.0.202111181127/tools/bin/../lib/gcc/arm-none-eabi/10.3.1/thumb/v7e-m+fp/hard/crtbegin.o
 *(.init)
 .init          0x000000000800ab00        0x4 d:/st/stm32cubeide_1.7.0/stm32cubeide/plugins/com.st.stm32cube.ide.mcu.externaltools.gnu-tools-for-stm32.10.3-2021.10.win32_1.0.0.202111181127/tools/bin/../lib/gcc/arm-none-eabi/10.3.1/thumb/v7e-m+fp/hard/crti.o
                0x000000000800ab00                _init
 .init          0x000000000800ab04        0x8 d:/st/stm32cubeide_1.7.0/stm32cubeide/plugins/com.st.stm32cube.ide.mcu.externaltools.gnu-tools-for-stm32.10.3-2021.10.win32_1.0.0.202111181127/tools/bin/../lib/gcc/arm-none-eabi/10.3.1/thumb/v7e-m+fp/hard/crtn.o
 *(.fini)
 .fini          0x000000000800ab0c        0x4 d:/st/stm32cubeide_1.7.0/stm32cubeide/plugins/com.st.stm32cube.ide.mcu.externaltools.gnu-tools-for-stm32.10.3-2021.10.win32_1.0.0.202111181127/tools/bin/../lib/gcc/arm-none-eabi/10.3.1/thumb/v7e-m+fp/hard/crti.o
                0x000000000800ab0c                _fini
 .fini          0x000000000800ab10        0x8 d:/st/stm32cubeide_1.7.0/stm32cubeide/plugins/com.st.stm32cube.ide.mcu.externaltools.gnu-tools-for-stm32.10.3-2021.10.win32_1.0.0.202111181127/tools/bin/../lib/gcc/arm-none-eabi/10.3.1/thumb/v7e-m+fp/hard/crtn.o
                0x000000000800ab18                . = ALIGN (0x4)
                0x000000000800ab18                _etext = .

.vfp11_veneer   0x000000000800ab18        0x0
 .vfp11_veneer  0x000000000800ab18        0x0 linker stubs

.v4_bx          0x000000000800ab18        0x0
 .v4_bx         0x000000000800ab18        0x0 linker stubs

.iplt           0x000000000800ab18        0x0
 .iplt          0x000000000800ab18        0x0 d:/st/stm32cubeide_1.7.0/stm32cubeide/plugins/com.st.stm32cube.ide.mcu.externaltools.gnu-tools-for-stm32.10.3-2021.10.win32_1.0.0.202111181127/tools/bin/../lib/gcc/arm-none-eabi/10.3.1/thumb/v7e-m+fp/hard/crtbegin.o

.rodata         0x000000000800ab18      0x120
                0x000000000800ab18                . = ALIGN (0x4)
 *(.rodata)
 .rodata        0x000000000800ab18       0x1c ./Core/Src/main.o
 .rodata        0x000000000800ab34        0x5 ./Middlewares/Third_Party/FreeRTOS/Source/tasks.o
 *fill*         0x000000000800ab39        0x3 
 .rodata        0x000000000800ab3c        0xd ./Middlewares/Third_Party/FreeRTOS/Source/timers.o
 *(.rodata*)
 *fill*         0x000000000800ab49        0x3 
 .rodata.defaultTask_attributes
                0x000000000800ab4c       0x24 ./Core/Src/main.o
                0x000000000800ab4c                defaultTask_attributes
 .rodata.luaTask_attributes
                0x000000000800ab70       0x24 ./Core/Src/main.o
                0x000000000800ab70                luaTask_attributes
 .rodata.ADCTask_attributes
                0x000000000800ab94       0x24 ./Core/Src/main.o
                0x000000000800ab94                ADCTask_attributes
 .rodata.AHBPrescTable
                0x000000000800abb8       0x10 ./Core/Src/system_stm32f4xx.o
                0x000000000800abb8                AHBPrescTable
 .rodata.APBPrescTable
                0x000000000800abc8        0x8 ./Core/Src/system_stm32f4xx.o
                0x000000000800abc8                APBPrescTable
 .rodata.flagBitshiftOffset.0
                0x000000000800abd0        0x8 ./Drivers/STM32F4xx_HAL_Driver/Src/stm32f4xx_hal_dma.o
 .rodata.__sf_fake_stderr
                0x000000000800abd8       0x20 d:/st/stm32cubeide_1.7.0/stm32cubeide/plugins/com.st.stm32cube.ide.mcu.externaltools.gnu-tools-for-stm32.10.3-2021.10.win32_1.0.0.202111181127/tools/bin/../lib/gcc/arm-none-eabi/10.3.1/../../../../arm-none-eabi/lib/thumb/v7e-m+fp/hard\libc_nano.a(lib_a-findfp.o)
                0x000000000800abd8                __sf_fake_stderr
 .rodata.__sf_fake_stdin
                0x000000000800abf8       0x20 d:/st/stm32cubeide_1.7.0/stm32cubeide/plugins/com.st.stm32cube.ide.mcu.externaltools.gnu-tools-for-stm32.10.3-2021.10.win32_1.0.0.202111181127/tools/bin/../lib/gcc/arm-none-eabi/10.3.1/../../../../arm-none-eabi/lib/thumb/v7e-m+fp/hard\libc_nano.a(lib_a-findfp.o)
                0x000000000800abf8                __sf_fake_stdin
 .rodata.__sf_fake_stdout
                0x000000000800ac18       0x20 d:/st/stm32cubeide_1.7.0/stm32cubeide/plugins/com.st.stm32cube.ide.mcu.externaltools.gnu-tools-for-stm32.10.3-2021.10.win32_1.0.0.202111181127/tools/bin/../lib/gcc/arm-none-eabi/10.3.1/../../../../arm-none-eabi/lib/thumb/v7e-m+fp/hard\libc_nano.a(lib_a-findfp.o)
                0x000000000800ac18                __sf_fake_stdout
                0x000000000800ac38                . = ALIGN (0x4)

.ARM.extab      0x000000000800ac38        0x0
                0x000000000800ac38                . = ALIGN (0x4)
 *(.ARM.extab* .gnu.linkonce.armextab.*)
                0x000000000800ac38                . = ALIGN (0x4)

.ARM            0x000000000800ac38        0x8
                0x000000000800ac38                . = ALIGN (0x4)
                0x000000000800ac38                __exidx_start = .
 *(.ARM.exidx*)
 .ARM.exidx     0x000000000800ac38        0x8 d:/st/stm32cubeide_1.7.0/stm32cubeide/plugins/com.st.stm32cube.ide.mcu.externaltools.gnu-tools-for-stm32.10.3-2021.10.win32_1.0.0.202111181127/tools/bin/../lib/gcc/arm-none-eabi/10.3.1/thumb/v7e-m+fp/hard\libgcc.a(_udivmoddi4.o)
                0x000000000800ac40                __exidx_end = .
                0x000000000800ac40                . = ALIGN (0x4)

.rel.dyn        0x000000000800ac40        0x0
 .rel.iplt      0x000000000800ac40        0x0 d:/st/stm32cubeide_1.7.0/stm32cubeide/plugins/com.st.stm32cube.ide.mcu.externaltools.gnu-tools-for-stm32.10.3-2021.10.win32_1.0.0.202111181127/tools/bin/../lib/gcc/arm-none-eabi/10.3.1/thumb/v7e-m+fp/hard/crtbegin.o

.preinit_array  0x000000000800ac40        0x0
                0x000000000800ac40                . = ALIGN (0x4)
                0x000000000800ac40                PROVIDE (__preinit_array_start = .)
 *(.preinit_array*)
                0x000000000800ac40                PROVIDE (__preinit_array_end = .)
                0x000000000800ac40                . = ALIGN (0x4)

.init_array     0x000000000800ac40        0x4
                0x000000000800ac40                . = ALIGN (0x4)
                0x000000000800ac40                PROVIDE (__init_array_start = .)
 *(SORT_BY_NAME(.init_array.*))
 *(.init_array*)
 .init_array    0x000000000800ac40        0x4 d:/st/stm32cubeide_1.7.0/stm32cubeide/plugins/com.st.stm32cube.ide.mcu.externaltools.gnu-tools-for-stm32.10.3-2021.10.win32_1.0.0.202111181127/tools/bin/../lib/gcc/arm-none-eabi/10.3.1/thumb/v7e-m+fp/hard/crtbegin.o
                0x000000000800ac44                PROVIDE (__init_array_end = .)
                0x000000000800ac44                . = ALIGN (0x4)

.fini_array     0x000000000800ac44        0x4
                0x000000000800ac44                . = ALIGN (0x4)
                [!provide]                        PROVIDE (__fini_array_start = .)
 *(SORT_BY_NAME(.fini_array.*))
 *(.fini_array*)
 .fini_array    0x000000000800ac44        0x4 d:/st/stm32cubeide_1.7.0/stm32cubeide/plugins/com.st.stm32cube.ide.mcu.externaltools.gnu-tools-for-stm32.10.3-2021.10.win32_1.0.0.202111181127/tools/bin/../lib/gcc/arm-none-eabi/10.3.1/thumb/v7e-m+fp/hard/crtbegin.o
                [!provide]                        PROVIDE (__fini_array_end = .)
                0x000000000800ac48                . = ALIGN (0x4)
                0x000000000800ac48                _sidata = LOADADDR (.data)

.data           0x0000000020000000      0x484 load address 0x000000000800ac48
                0x0000000020000000                . = ALIGN (0x4)
                0x0000000020000000                _sdata = .
 *(.data)
 *(.data*)
 .data.SystemCoreClock
                0x0000000020000000        0x4 ./Core/Src/system_stm32f4xx.o
                0x0000000020000000                SystemCoreClock
 .data.uwTickPrio
                0x0000000020000004        0x4 ./Drivers/STM32F4xx_HAL_Driver/Src/stm32f4xx_hal.o
                0x0000000020000004                uwTickPrio
 .data.uwTickFreq
                0x0000000020000008        0x1 ./Drivers/STM32F4xx_HAL_Driver/Src/stm32f4xx_hal.o
                0x0000000020000008                uwTickFreq
 *fill*         0x0000000020000009        0x3 
 .data.uxCriticalNesting
                0x000000002000000c        0x4 ./Middlewares/Third_Party/FreeRTOS/Source/portable/GCC/ARM_CM4F/port.o
 .data.Power    0x0000000020000010       0x50 ./Shell/PDMhardware.o
 .data.CSC      0x0000000020000060      0x3c0 ./Shell/PDMhardware.o
 .data._impure_ptr
                0x0000000020000420        0x4 d:/st/stm32cubeide_1.7.0/stm32cubeide/plugins/com.st.stm32cube.ide.mcu.externaltools.gnu-tools-for-stm32.10.3-2021.10.win32_1.0.0.202111181127/tools/bin/../lib/gcc/arm-none-eabi/10.3.1/../../../../arm-none-eabi/lib/thumb/v7e-m+fp/hard\libc_nano.a(lib_a-impure.o)
                0x0000000020000420                _impure_ptr
 .data.impure_data
                0x0000000020000424       0x60 d:/st/stm32cubeide_1.7.0/stm32cubeide/plugins/com.st.stm32cube.ide.mcu.externaltools.gnu-tools-for-stm32.10.3-2021.10.win32_1.0.0.202111181127/tools/bin/../lib/gcc/arm-none-eabi/10.3.1/../../../../arm-none-eabi/lib/thumb/v7e-m+fp/hard\libc_nano.a(lib_a-impure.o)
 *(.RamFunc)
 *(.RamFunc*)
                0x0000000020000484                . = ALIGN (0x4)
                0x0000000020000484                _edata = .
                0x000000000800b0cc                _siccmram = LOADADDR (.ccmram)

.igot.plt       0x0000000020000484        0x0 load address 0x000000000800b0cc
 .igot.plt      0x0000000020000484        0x0 d:/st/stm32cubeide_1.7.0/stm32cubeide/plugins/com.st.stm32cube.ide.mcu.externaltools.gnu-tools-for-stm32.10.3-2021.10.win32_1.0.0.202111181127/tools/bin/../lib/gcc/arm-none-eabi/10.3.1/thumb/v7e-m+fp/hard/crtbegin.o

.ccmram         0x0000000010000000        0x0 load address 0x000000000800b0cc
                0x0000000010000000                . = ALIGN (0x4)
                0x0000000010000000                _sccmram = .
 *(.ccmram)
 *(.ccmram*)
                0x0000000010000000                . = ALIGN (0x4)
                0x0000000010000000                _eccmram = .
                0x0000000010000000                . = ALIGN (0x4)

.bss            0x0000000020000484     0x5890
                0x0000000020000484                _sbss = .
                0x0000000020000484                __bss_start__ = _sbss
 *(.bss)
 .bss           0x0000000020000484       0x1c d:/st/stm32cubeide_1.7.0/stm32cubeide/plugins/com.st.stm32cube.ide.mcu.externaltools.gnu-tools-for-stm32.10.3-2021.10.win32_1.0.0.202111181127/tools/bin/../lib/gcc/arm-none-eabi/10.3.1/thumb/v7e-m+fp/hard/crtbegin.o
 *(.bss*)
 .bss.hadc1     0x00000000200004a0       0x48 ./Core/Src/main.o
                0x00000000200004a0                hadc1
 .bss.hadc2     0x00000000200004e8       0x48 ./Core/Src/main.o
                0x00000000200004e8                hadc2
 .bss.hadc3     0x0000000020000530       0x48 ./Core/Src/main.o
                0x0000000020000530                hadc3
 .bss.hdma_adc1
                0x0000000020000578       0x60 ./Core/Src/main.o
                0x0000000020000578                hdma_adc1
 .bss.hdma_adc2
                0x00000000200005d8       0x60 ./Core/Src/main.o
                0x00000000200005d8                hdma_adc2
 .bss.hdma_adc3
                0x0000000020000638       0x60 ./Core/Src/main.o
                0x0000000020000638                hdma_adc3
 .bss.hcan1     0x0000000020000698       0x28 ./Core/Src/main.o
                0x0000000020000698                hcan1
 .bss.hi2c2     0x00000000200006c0       0x54 ./Core/Src/main.o
                0x00000000200006c0                hi2c2
 .bss.htim1     0x0000000020000714       0x48 ./Core/Src/main.o
                0x0000000020000714                htim1
 .bss.htim2     0x000000002000075c       0x48 ./Core/Src/main.o
                0x000000002000075c                htim2
 .bss.htim3     0x00000000200007a4       0x48 ./Core/Src/main.o
                0x00000000200007a4                htim3
 .bss.htim4     0x00000000200007ec       0x48 ./Core/Src/main.o
                0x00000000200007ec                htim4
 .bss.htim8     0x0000000020000834       0x48 ./Core/Src/main.o
                0x0000000020000834                htim8
 .bss.htim9     0x000000002000087c       0x48 ./Core/Src/main.o
                0x000000002000087c                htim9
 .bss.htim12    0x00000000200008c4       0x48 ./Core/Src/main.o
                0x00000000200008c4                htim12
 .bss.huart2    0x000000002000090c       0x44 ./Core/Src/main.o
                0x000000002000090c                huart2
 .bss.hpcd_USB_OTG_FS
                0x0000000020000950      0x50c ./Core/Src/main.o
                0x0000000020000950                hpcd_USB_OTG_FS
 .bss.defaultTaskHandle
                0x0000000020000e5c        0x4 ./Core/Src/main.o
                0x0000000020000e5c                defaultTaskHandle
 .bss.luaTaskHandle
                0x0000000020000e60        0x4 ./Core/Src/main.o
                0x0000000020000e60                luaTaskHandle
 .bss.ADCTaskHandle
                0x0000000020000e64        0x4 ./Core/Src/main.o
                0x0000000020000e64                ADCTaskHandle
 .bss.ADCTaskBuffer
                0x0000000020000e68      0x200 ./Core/Src/main.o
                0x0000000020000e68                ADCTaskBuffer
 .bss.ADCTaskControlBlock
                0x0000000020001068       0xbc ./Core/Src/main.o
                0x0000000020001068                ADCTaskControlBlock
 .bss.htim14    0x0000000020001124       0x48 ./Core/Src/stm32f4xx_hal_timebase_tim.o
                0x0000000020001124                htim14
 .bss.uwTick    0x000000002000116c        0x4 ./Drivers/STM32F4xx_HAL_Driver/Src/stm32f4xx_hal.o
                0x000000002000116c                uwTick
 .bss.KernelState
                0x0000000020001170        0x4 ./Middlewares/Third_Party/FreeRTOS/Source/CMSIS_RTOS_V2/cmsis_os2.o
 .bss.Idle_TCB.3
                0x0000000020001174       0xbc ./Middlewares/Third_Party/FreeRTOS/Source/CMSIS_RTOS_V2/cmsis_os2.o
 .bss.Idle_Stack.2
                0x0000000020001230      0x200 ./Middlewares/Third_Party/FreeRTOS/Source/CMSIS_RTOS_V2/cmsis_os2.o
 .bss.Timer_TCB.1
                0x0000000020001430       0xbc ./Middlewares/Third_Party/FreeRTOS/Source/CMSIS_RTOS_V2/cmsis_os2.o
 .bss.Timer_Stack.0
                0x00000000200014ec      0x400 ./Middlewares/Third_Party/FreeRTOS/Source/CMSIS_RTOS_V2/cmsis_os2.o
 .bss.xQueueRegistry
                0x00000000200018ec       0x40 ./Middlewares/Third_Party/FreeRTOS/Source/queue.o
                0x00000000200018ec                xQueueRegistry
 .bss.pxCurrentTCB
                0x000000002000192c        0x4 ./Middlewares/Third_Party/FreeRTOS/Source/tasks.o
                0x000000002000192c                pxCurrentTCB
 .bss.pxReadyTasksLists
                0x0000000020001930      0x460 ./Middlewares/Third_Party/FreeRTOS/Source/tasks.o
 .bss.xDelayedTaskList1
                0x0000000020001d90       0x14 ./Middlewares/Third_Party/FreeRTOS/Source/tasks.o
 .bss.xDelayedTaskList2
                0x0000000020001da4       0x14 ./Middlewares/Third_Party/FreeRTOS/Source/tasks.o
 .bss.pxDelayedTaskList
                0x0000000020001db8        0x4 ./Middlewares/Third_Party/FreeRTOS/Source/tasks.o
 .bss.pxOverflowDelayedTaskList
                0x0000000020001dbc        0x4 ./Middlewares/Third_Party/FreeRTOS/Source/tasks.o
 .bss.xPendingReadyList
                0x0000000020001dc0       0x14 ./Middlewares/Third_Party/FreeRTOS/Source/tasks.o
 .bss.xTasksWaitingTermination
                0x0000000020001dd4       0x14 ./Middlewares/Third_Party/FreeRTOS/Source/tasks.o
 .bss.uxDeletedTasksWaitingCleanUp
                0x0000000020001de8        0x4 ./Middlewares/Third_Party/FreeRTOS/Source/tasks.o
 .bss.xSuspendedTaskList
                0x0000000020001dec       0x14 ./Middlewares/Third_Party/FreeRTOS/Source/tasks.o
 .bss.uxCurrentNumberOfTasks
                0x0000000020001e00        0x4 ./Middlewares/Third_Party/FreeRTOS/Source/tasks.o
 .bss.xTickCount
                0x0000000020001e04        0x4 ./Middlewares/Third_Party/FreeRTOS/Source/tasks.o
 .bss.uxTopReadyPriority
                0x0000000020001e08        0x4 ./Middlewares/Third_Party/FreeRTOS/Source/tasks.o
 .bss.xSchedulerRunning
                0x0000000020001e0c        0x4 ./Middlewares/Third_Party/FreeRTOS/Source/tasks.o
 .bss.xPendedTicks
                0x0000000020001e10        0x4 ./Middlewares/Third_Party/FreeRTOS/Source/tasks.o
 .bss.xYieldPending
                0x0000000020001e14        0x4 ./Middlewares/Third_Party/FreeRTOS/Source/tasks.o
 .bss.xNumOfOverflows
                0x0000000020001e18        0x4 ./Middlewares/Third_Party/FreeRTOS/Source/tasks.o
 .bss.uxTaskNumber
                0x0000000020001e1c        0x4 ./Middlewares/Third_Party/FreeRTOS/Source/tasks.o
 .bss.xNextTaskUnblockTime
                0x0000000020001e20        0x4 ./Middlewares/Third_Party/FreeRTOS/Source/tasks.o
 .bss.xIdleTaskHandle
                0x0000000020001e24        0x4 ./Middlewares/Third_Party/FreeRTOS/Source/tasks.o
 .bss.uxSchedulerSuspended
                0x0000000020001e28        0x4 ./Middlewares/Third_Party/FreeRTOS/Source/tasks.o
 .bss.xActiveTimerList1
                0x0000000020001e2c       0x14 ./Middlewares/Third_Party/FreeRTOS/Source/timers.o
 .bss.xActiveTimerList2
                0x0000000020001e40       0x14 ./Middlewares/Third_Party/FreeRTOS/Source/timers.o
 .bss.pxCurrentTimerList
                0x0000000020001e54        0x4 ./Middlewares/Third_Party/FreeRTOS/Source/timers.o
 .bss.pxOverflowTimerList
                0x0000000020001e58        0x4 ./Middlewares/Third_Party/FreeRTOS/Source/timers.o
 .bss.xTimerQueue
                0x0000000020001e5c        0x4 ./Middlewares/Third_Party/FreeRTOS/Source/timers.o
 .bss.xTimerTaskHandle
                0x0000000020001e60        0x4 ./Middlewares/Third_Party/FreeRTOS/Source/timers.o
 .bss.xLastTime.2
                0x0000000020001e64        0x4 ./Middlewares/Third_Party/FreeRTOS/Source/timers.o
 .bss.ucStaticTimerQueueStorage.1
                0x0000000020001e68       0xa0 ./Middlewares/Third_Party/FreeRTOS/Source/timers.o
 .bss.xStaticTimerQueue.0
                0x0000000020001f08       0x50 ./Middlewares/Third_Party/FreeRTOS/Source/timers.o
 .bss.ucMaxSysCallPriority
                0x0000000020001f58        0x1 ./Middlewares/Third_Party/FreeRTOS/Source/portable/GCC/ARM_CM4F/port.o
 *fill*         0x0000000020001f59        0x3 
 .bss.ulMaxPRIGROUPValue
                0x0000000020001f5c        0x4 ./Middlewares/Third_Party/FreeRTOS/Source/portable/GCC/ARM_CM4F/port.o
 .bss.ucHeap    0x0000000020001f60     0x3c00 ./Middlewares/Third_Party/FreeRTOS/Source/portable/MemMang/heap_4.o
 .bss.xStart    0x0000000020005b60        0x8 ./Middlewares/Third_Party/FreeRTOS/Source/portable/MemMang/heap_4.o
 .bss.pxEnd     0x0000000020005b68        0x4 ./Middlewares/Third_Party/FreeRTOS/Source/portable/MemMang/heap_4.o
 .bss.xFreeBytesRemaining
                0x0000000020005b6c        0x4 ./Middlewares/Third_Party/FreeRTOS/Source/portable/MemMang/heap_4.o
 .bss.xMinimumEverFreeBytesRemaining
                0x0000000020005b70        0x4 ./Middlewares/Third_Party/FreeRTOS/Source/portable/MemMang/heap_4.o
 .bss.xNumberOfSuccessfulAllocations
                0x0000000020005b74        0x4 ./Middlewares/Third_Party/FreeRTOS/Source/portable/MemMang/heap_4.o
 .bss.xNumberOfSuccessfulFrees
                0x0000000020005b78        0x4 ./Middlewares/Third_Party/FreeRTOS/Source/portable/MemMang/heap_4.o
 .bss.xBlockAllocatedBit
                0x0000000020005b7c        0x4 ./Middlewares/Third_Party/FreeRTOS/Source/portable/MemMang/heap_4.o
 .bss.ADC1_IN_Buffer
                0x0000000020005b80       0x30 ./Shell/PDMhardware.o
                0x0000000020005b80                ADC1_IN_Buffer
 .bss.ADC2_IN_Buffer
                0x0000000020005bb0       0x2a ./Shell/PDMhardware.o
                0x0000000020005bb0                ADC2_IN_Buffer
 *fill*         0x0000000020005bda        0x2 
 .bss.ADC3_IN_Buffer
                0x0000000020005bdc       0x36 ./Shell/PDMhardware.o
                0x0000000020005bdc                ADC3_IN_Buffer
 *fill*         0x0000000020005c12        0x2 
 .bss.CurLimits
                0x0000000020005c14       0x50 ./Shell/PDMhardware.o
 .bss.muRawCurData
                0x0000000020005c64       0x28 ./Shell/PDMhardware.o
 .bss.muRawVData
                0x0000000020005c8c        0x8 ./Shell/PDMhardware.o
 .bss.mfCurData
                0x0000000020005c94       0x50 ./Shell/PDMhardware.o
 .bss.xADCEvent
                0x0000000020005ce4        0x4 ./Shell/PDMhardware.o
 .bss.xADCCreatedEventGroup
                0x0000000020005ce8       0x20 ./Shell/PDMhardware.o
 .bss.xHigherPriorityTaskWoken.0
                0x0000000020005d08        0x4 ./Shell/PDMhardware.o
 .bss.__lock___malloc_recursive_mutex
                0x0000000020005d0c        0x1 d:/st/stm32cubeide_1.7.0/stm32cubeide/plugins/com.st.stm32cube.ide.mcu.externaltools.gnu-tools-for-stm32.10.3-2021.10.win32_1.0.0.202111181127/tools/bin/../lib/gcc/arm-none-eabi/10.3.1/../../../../arm-none-eabi/lib/thumb/v7e-m+fp/hard\libc_nano.a(lib_a-lock.o)
                0x0000000020005d0c                __lock___malloc_recursive_mutex
 *fill*         0x0000000020005d0d        0x3 
 .bss.__malloc_free_list
                0x0000000020005d10        0x4 d:/st/stm32cubeide_1.7.0/stm32cubeide/plugins/com.st.stm32cube.ide.mcu.externaltools.gnu-tools-for-stm32.10.3-2021.10.win32_1.0.0.202111181127/tools/bin/../lib/gcc/arm-none-eabi/10.3.1/../../../../arm-none-eabi/lib/thumb/v7e-m+fp/hard\libc_nano.a(lib_a-nano-mallocr.o)
                0x0000000020005d10                __malloc_free_list
 *(COMMON)
                0x0000000020005d14                . = ALIGN (0x4)
                0x0000000020005d14                _ebss = .
                0x0000000020005d14                __bss_end__ = _ebss

._user_heap_stack
                0x0000000020005d14      0x604
                0x0000000020005d18                . = ALIGN (0x8)
 *fill*         0x0000000020005d14        0x4 
                [!provide]                        PROVIDE (end = .)
                0x0000000020005d18                PROVIDE (_end = .)
                0x0000000020005f18                . = (. + _Min_Heap_Size)
 *fill*         0x0000000020005d18      0x200 
                0x0000000020006318                . = (. + _Min_Stack_Size)
 *fill*         0x0000000020005f18      0x400 
                0x0000000020006318                . = ALIGN (0x8)

/DISCARD/
 libc.a(*)
 libm.a(*)
 libgcc.a(*)

.ARM.attributes
                0x0000000000000000       0x30
 *(.ARM.attributes)
 .ARM.attributes
                0x0000000000000000       0x1e d:/st/stm32cubeide_1.7.0/stm32cubeide/plugins/com.st.stm32cube.ide.mcu.externaltools.gnu-tools-for-stm32.10.3-2021.10.win32_1.0.0.202111181127/tools/bin/../lib/gcc/arm-none-eabi/10.3.1/thumb/v7e-m+fp/hard/crti.o
 .ARM.attributes
                0x000000000000001e       0x34 d:/st/stm32cubeide_1.7.0/stm32cubeide/plugins/com.st.stm32cube.ide.mcu.externaltools.gnu-tools-for-stm32.10.3-2021.10.win32_1.0.0.202111181127/tools/bin/../lib/gcc/arm-none-eabi/10.3.1/thumb/v7e-m+fp/hard/crtbegin.o
 .ARM.attributes
                0x0000000000000052       0x34 ./Core/Src/main.o
 .ARM.attributes
                0x0000000000000086       0x34 ./Core/Src/stm32f4xx_hal_msp.o
 .ARM.attributes
                0x00000000000000ba       0x34 ./Core/Src/stm32f4xx_hal_timebase_tim.o
 .ARM.attributes
                0x00000000000000ee       0x34 ./Core/Src/stm32f4xx_it.o
 .ARM.attributes
                0x0000000000000122       0x34 ./Core/Src/system_stm32f4xx.o
 .ARM.attributes
                0x0000000000000156       0x21 ./Core/Startup/startup_stm32f405zgtx.o
 .ARM.attributes
                0x0000000000000177       0x34 ./Drivers/STM32F4xx_HAL_Driver/Src/stm32f4xx_hal.o
 .ARM.attributes
                0x00000000000001ab       0x34 ./Drivers/STM32F4xx_HAL_Driver/Src/stm32f4xx_hal_adc.o
 .ARM.attributes
                0x00000000000001df       0x34 ./Drivers/STM32F4xx_HAL_Driver/Src/stm32f4xx_hal_can.o
 .ARM.attributes
                0x0000000000000213       0x34 ./Drivers/STM32F4xx_HAL_Driver/Src/stm32f4xx_hal_cortex.o
 .ARM.attributes
                0x0000000000000247       0x34 ./Drivers/STM32F4xx_HAL_Driver/Src/stm32f4xx_hal_dma.o
 .ARM.attributes
                0x000000000000027b       0x34 ./Drivers/STM32F4xx_HAL_Driver/Src/stm32f4xx_hal_gpio.o
 .ARM.attributes
                0x00000000000002af       0x34 ./Drivers/STM32F4xx_HAL_Driver/Src/stm32f4xx_hal_i2c.o
 .ARM.attributes
                0x00000000000002e3       0x34 ./Drivers/STM32F4xx_HAL_Driver/Src/stm32f4xx_hal_pcd.o
 .ARM.attributes
                0x0000000000000317       0x34 ./Drivers/STM32F4xx_HAL_Driver/Src/stm32f4xx_hal_rcc.o
 .ARM.attributes
                0x000000000000034b       0x34 ./Drivers/STM32F4xx_HAL_Driver/Src/stm32f4xx_hal_tim.o
 .ARM.attributes
                0x000000000000037f       0x34 ./Drivers/STM32F4xx_HAL_Driver/Src/stm32f4xx_hal_tim_ex.o
 .ARM.attributes
                0x00000000000003b3       0x34 ./Drivers/STM32F4xx_HAL_Driver/Src/stm32f4xx_hal_uart.o
 .ARM.attributes
                0x00000000000003e7       0x34 ./Drivers/STM32F4xx_HAL_Driver/Src/stm32f4xx_ll_usb.o
 .ARM.attributes
                0x000000000000041b       0x34 ./Middlewares/Third_Party/FreeRTOS/Source/CMSIS_RTOS_V2/cmsis_os2.o
 .ARM.attributes
                0x000000000000044f       0x34 ./Middlewares/Third_Party/FreeRTOS/Source/event_groups.o
 .ARM.attributes
                0x0000000000000483       0x34 ./Middlewares/Third_Party/FreeRTOS/Source/list.o
 .ARM.attributes
                0x00000000000004b7       0x34 ./Middlewares/Third_Party/FreeRTOS/Source/queue.o
 .ARM.attributes
                0x00000000000004eb       0x34 ./Middlewares/Third_Party/FreeRTOS/Source/tasks.o
 .ARM.attributes
                0x000000000000051f       0x34 ./Middlewares/Third_Party/FreeRTOS/Source/timers.o
 .ARM.attributes
                0x0000000000000553       0x34 ./Middlewares/Third_Party/FreeRTOS/Source/portable/GCC/ARM_CM4F/port.o
 .ARM.attributes
                0x0000000000000587       0x34 ./Middlewares/Third_Party/FreeRTOS/Source/portable/MemMang/heap_4.o
 .ARM.attributes
                0x00000000000005bb       0x34 ./Shell/PDMhardware.o
 .ARM.attributes
                0x00000000000005ef       0x34 ./Shell/luatask.o
 .ARM.attributes
                0x0000000000000623       0x34 d:/st/stm32cubeide_1.7.0/stm32cubeide/plugins/com.st.stm32cube.ide.mcu.externaltools.gnu-tools-for-stm32.10.3-2021.10.win32_1.0.0.202111181127/tools/bin/../lib/gcc/arm-none-eabi/10.3.1/../../../../arm-none-eabi/lib/thumb/v7e-m+fp/hard\libc_nano.a(lib_a-findfp.o)
 .ARM.attributes
                0x0000000000000657       0x34 d:/st/stm32cubeide_1.7.0/stm32cubeide/plugins/com.st.stm32cube.ide.mcu.externaltools.gnu-tools-for-stm32.10.3-2021.10.win32_1.0.0.202111181127/tools/bin/../lib/gcc/arm-none-eabi/10.3.1/../../../../arm-none-eabi/lib/thumb/v7e-m+fp/hard\libc_nano.a(lib_a-impure.o)
 .ARM.attributes
                0x000000000000068b       0x34 d:/st/stm32cubeide_1.7.0/stm32cubeide/plugins/com.st.stm32cube.ide.mcu.externaltools.gnu-tools-for-stm32.10.3-2021.10.win32_1.0.0.202111181127/tools/bin/../lib/gcc/arm-none-eabi/10.3.1/../../../../arm-none-eabi/lib/thumb/v7e-m+fp/hard\libc_nano.a(lib_a-init.o)
 .ARM.attributes
                0x00000000000006bf       0x34 d:/st/stm32cubeide_1.7.0/stm32cubeide/plugins/com.st.stm32cube.ide.mcu.externaltools.gnu-tools-for-stm32.10.3-2021.10.win32_1.0.0.202111181127/tools/bin/../lib/gcc/arm-none-eabi/10.3.1/../../../../arm-none-eabi/lib/thumb/v7e-m+fp/hard\libc_nano.a(lib_a-lock.o)
 .ARM.attributes
                0x00000000000006f3       0x34 d:/st/stm32cubeide_1.7.0/stm32cubeide/plugins/com.st.stm32cube.ide.mcu.externaltools.gnu-tools-for-stm32.10.3-2021.10.win32_1.0.0.202111181127/tools/bin/../lib/gcc/arm-none-eabi/10.3.1/../../../../arm-none-eabi/lib/thumb/v7e-m+fp/hard\libc_nano.a(lib_a-memcpy-stub.o)
 .ARM.attributes
                0x0000000000000727       0x34 d:/st/stm32cubeide_1.7.0/stm32cubeide/plugins/com.st.stm32cube.ide.mcu.externaltools.gnu-tools-for-stm32.10.3-2021.10.win32_1.0.0.202111181127/tools/bin/../lib/gcc/arm-none-eabi/10.3.1/../../../../arm-none-eabi/lib/thumb/v7e-m+fp/hard\libc_nano.a(lib_a-memset.o)
 .ARM.attributes
                0x000000000000075b       0x34 d:/st/stm32cubeide_1.7.0/stm32cubeide/plugins/com.st.stm32cube.ide.mcu.externaltools.gnu-tools-for-stm32.10.3-2021.10.win32_1.0.0.202111181127/tools/bin/../lib/gcc/arm-none-eabi/10.3.1/../../../../arm-none-eabi/lib/thumb/v7e-m+fp/hard\libc_nano.a(lib_a-nano-mallocr.o)
 .ARM.attributes
                0x000000000000078f       0x34 d:/st/stm32cubeide_1.7.0/stm32cubeide/plugins/com.st.stm32cube.ide.mcu.externaltools.gnu-tools-for-stm32.10.3-2021.10.win32_1.0.0.202111181127/tools/bin/../lib/gcc/arm-none-eabi/10.3.1/../../../../arm-none-eabi/lib/thumb/v7e-m+fp/hard\libc_nano.a(lib_a-reent.o)
 .ARM.attributes
                0x00000000000007c3       0x34 d:/st/stm32cubeide_1.7.0/stm32cubeide/plugins/com.st.stm32cube.ide.mcu.externaltools.gnu-tools-for-stm32.10.3-2021.10.win32_1.0.0.202111181127/tools/bin/../lib/gcc/arm-none-eabi/10.3.1/../../../../arm-none-eabi/lib/thumb/v7e-m+fp/hard\libc_nano.a(lib_a-mlock.o)
 .ARM.attributes
                0x00000000000007f7       0x34 d:/st/stm32cubeide_1.7.0/stm32cubeide/plugins/com.st.stm32cube.ide.mcu.externaltools.gnu-tools-for-stm32.10.3-2021.10.win32_1.0.0.202111181127/tools/bin/../lib/gcc/arm-none-eabi/10.3.1/../../../../arm-none-eabi/lib/thumb/v7e-m+fp/hard\libc_nano.a(lib_a-nano-freer.o)
 .ARM.attributes
                0x000000000000082b       0x1e d:/st/stm32cubeide_1.7.0/stm32cubeide/plugins/com.st.stm32cube.ide.mcu.externaltools.gnu-tools-for-stm32.10.3-2021.10.win32_1.0.0.202111181127/tools/bin/../lib/gcc/arm-none-eabi/10.3.1/thumb/v7e-m+fp/hard\libgcc.a(_arm_addsubdf3.o)
 .ARM.attributes
                0x0000000000000849       0x1e d:/st/stm32cubeide_1.7.0/stm32cubeide/plugins/com.st.stm32cube.ide.mcu.externaltools.gnu-tools-for-stm32.10.3-2021.10.win32_1.0.0.202111181127/tools/bin/../lib/gcc/arm-none-eabi/10.3.1/thumb/v7e-m+fp/hard\libgcc.a(_arm_muldivdf3.o)
 .ARM.attributes
                0x0000000000000867       0x1e d:/st/stm32cubeide_1.7.0/stm32cubeide/plugins/com.st.stm32cube.ide.mcu.externaltools.gnu-tools-for-stm32.10.3-2021.10.win32_1.0.0.202111181127/tools/bin/../lib/gcc/arm-none-eabi/10.3.1/thumb/v7e-m+fp/hard\libgcc.a(_arm_truncdfsf2.o)
 .ARM.attributes
                0x0000000000000885       0x1e d:/st/stm32cubeide_1.7.0/stm32cubeide/plugins/com.st.stm32cube.ide.mcu.externaltools.gnu-tools-for-stm32.10.3-2021.10.win32_1.0.0.202111181127/tools/bin/../lib/gcc/arm-none-eabi/10.3.1/thumb/v7e-m+fp/hard\libgcc.a(_aeabi_uldivmod.o)
 .ARM.attributes
                0x00000000000008a3       0x34 d:/st/stm32cubeide_1.7.0/stm32cubeide/plugins/com.st.stm32cube.ide.mcu.externaltools.gnu-tools-for-stm32.10.3-2021.10.win32_1.0.0.202111181127/tools/bin/../lib/gcc/arm-none-eabi/10.3.1/thumb/v7e-m+fp/hard\libgcc.a(_udivmoddi4.o)
 .ARM.attributes
                0x00000000000008d7       0x1e d:/st/stm32cubeide_1.7.0/stm32cubeide/plugins/com.st.stm32cube.ide.mcu.externaltools.gnu-tools-for-stm32.10.3-2021.10.win32_1.0.0.202111181127/tools/bin/../lib/gcc/arm-none-eabi/10.3.1/thumb/v7e-m+fp/hard\libgcc.a(_dvmd_tls.o)
 .ARM.attributes
                0x00000000000008f5       0x1e d:/st/stm32cubeide_1.7.0/stm32cubeide/plugins/com.st.stm32cube.ide.mcu.externaltools.gnu-tools-for-stm32.10.3-2021.10.win32_1.0.0.202111181127/tools/bin/../lib/gcc/arm-none-eabi/10.3.1/thumb/v7e-m+fp/hard/crtn.o
OUTPUT(PDM.elf elf32-littlearm)
LOAD linker stubs
LOAD d:/st/stm32cubeide_1.7.0/stm32cubeide/plugins/com.st.stm32cube.ide.mcu.externaltools.gnu-tools-for-stm32.10.3-2021.10.win32_1.0.0.202111181127/tools/bin/../lib/gcc/arm-none-eabi/10.3.1/../../../../arm-none-eabi/lib/thumb/v7e-m+fp/hard\libc.a
LOAD d:/st/stm32cubeide_1.7.0/stm32cubeide/plugins/com.st.stm32cube.ide.mcu.externaltools.gnu-tools-for-stm32.10.3-2021.10.win32_1.0.0.202111181127/tools/bin/../lib/gcc/arm-none-eabi/10.3.1/../../../../arm-none-eabi/lib/thumb/v7e-m+fp/hard\libm.a
LOAD d:/st/stm32cubeide_1.7.0/stm32cubeide/plugins/com.st.stm32cube.ide.mcu.externaltools.gnu-tools-for-stm32.10.3-2021.10.win32_1.0.0.202111181127/tools/bin/../lib/gcc/arm-none-eabi/10.3.1/thumb/v7e-m+fp/hard\libgcc.a

.debug_info     0x0000000000000000    0x25cbe
 .debug_info    0x0000000000000000     0x32f0 ./Core/Src/main.o
 .debug_info    0x00000000000032f0     0x2248 ./Core/Src/stm32f4xx_hal_msp.o
 .debug_info    0x0000000000005538      0xc0f ./Core/Src/stm32f4xx_hal_timebase_tim.o
 .debug_info    0x0000000000006147      0x7a9 ./Core/Src/stm32f4xx_it.o
 .debug_info    0x00000000000068f0      0x523 ./Core/Src/system_stm32f4xx.o
 .debug_info    0x0000000000006e13       0x22 ./Core/Startup/startup_stm32f405zgtx.o
 .debug_info    0x0000000000006e35      0x96a ./Drivers/STM32F4xx_HAL_Driver/Src/stm32f4xx_hal.o
 .debug_info    0x000000000000779f      0xd70 ./Drivers/STM32F4xx_HAL_Driver/Src/stm32f4xx_hal_adc.o
 .debug_info    0x000000000000850f      0xfc0 ./Drivers/STM32F4xx_HAL_Driver/Src/stm32f4xx_hal_can.o
 .debug_info    0x00000000000094cf      0xe09 ./Drivers/STM32F4xx_HAL_Driver/Src/stm32f4xx_hal_cortex.o
 .debug_info    0x000000000000a2d8      0x94f ./Drivers/STM32F4xx_HAL_Driver/Src/stm32f4xx_hal_dma.o
 .debug_info    0x000000000000ac27      0x76a ./Drivers/STM32F4xx_HAL_Driver/Src/stm32f4xx_hal_gpio.o
 .debug_info    0x000000000000b391     0x2609 ./Drivers/STM32F4xx_HAL_Driver/Src/stm32f4xx_hal_i2c.o
 .debug_info    0x000000000000d99a     0x1695 ./Drivers/STM32F4xx_HAL_Driver/Src/stm32f4xx_hal_pcd.o
 .debug_info    0x000000000000f02f      0x966 ./Drivers/STM32F4xx_HAL_Driver/Src/stm32f4xx_hal_rcc.o
 .debug_info    0x000000000000f995     0x2bbe ./Drivers/STM32F4xx_HAL_Driver/Src/stm32f4xx_hal_tim.o
 .debug_info    0x0000000000012553     0x15e0 ./Drivers/STM32F4xx_HAL_Driver/Src/stm32f4xx_hal_tim_ex.o
 .debug_info    0x0000000000013b33     0x31bc ./Drivers/STM32F4xx_HAL_Driver/Src/stm32f4xx_hal_uart.o
 .debug_info    0x0000000000016cef     0x1a97 ./Drivers/STM32F4xx_HAL_Driver/Src/stm32f4xx_ll_usb.o
 .debug_info    0x0000000000018786     0x432f ./Middlewares/Third_Party/FreeRTOS/Source/CMSIS_RTOS_V2/cmsis_os2.o
 .debug_info    0x000000000001cab5      0xc65 ./Middlewares/Third_Party/FreeRTOS/Source/event_groups.o
 .debug_info    0x000000000001d71a      0x2d1 ./Middlewares/Third_Party/FreeRTOS/Source/list.o
 .debug_info    0x000000000001d9eb     0x1cbf ./Middlewares/Third_Party/FreeRTOS/Source/queue.o
 .debug_info    0x000000000001f6aa     0x2b40 ./Middlewares/Third_Party/FreeRTOS/Source/tasks.o
 .debug_info    0x00000000000221ea     0x1c89 ./Middlewares/Third_Party/FreeRTOS/Source/timers.o