../CanOpenNode/PDM/CO_driver_ST32F103.c:46:9:co_drv_create_os_objects	56	static
../CanOpenNode/PDM/CO_driver_ST32F103.c:80:1:co_drv_mutex_lock	8	static
../CanOpenNode/PDM/CO_driver_ST32F103.c:89:1:co_drv_mutex_unlock	8	static
../CanOpenNode/PDM/CO_driver_ST32F103.c:94:6:CO_CANsetConfigurationMode	16	static
../CanOpenNode/PDM/CO_driver_ST32F103.c:103:6:CO_CANsetNormalMode	16	static
../CanOpenNode/PDM/CO_driver_ST32F103.c:112:18:CO_CANmodule_init	72	static
../CanOpenNode/PDM/CO_driver_ST32F103.c:238:6:CO_CANmodule_disable	16	static
../CanOpenNode/PDM/CO_driver_ST32F103.c:246:18:CO_CANrxBufferInit	32	static
../CanOpenNode/PDM/CO_driver_ST32F103.c:286:13:CO_CANtxBufferInit	32	static
../CanOpenNode/PDM/CO_driver_ST32F103.c:323:1:prv_send_can_message	24	static
../CanOpenNode/PDM/CO_driver_ST32F103.c:349:18:CO_CANsend	32	static,ignoring_inline_asm
../CanOpenNode/PDM/CO_driver_ST32F103.c:376:6:CO_CANclearPendingSyncPDOs	40	static,ignoring_inline_asm
../CanOpenNode/PDM/CO_driver_ST32F103.c:416:6:CO_CANmodule_process	24	static
../CanOpenNode/PDM/CO_driver_ST32F103.c:471:6:CAN_SendMessage	24	static,ignoring_inline_asm
../CanOpenNode/PDM/CO_driver_ST32F103.c:503:6:HAL_CAN_TxMailbox0CompleteCallback	16	static
../CanOpenNode/PDM/CO_driver_ST32F103.c:507:6:HAL_CAN_TxMailbox1CompleteCallback	16	static
../CanOpenNode/PDM/CO_driver_ST32F103.c:511:6:HAL_CAN_TxMailbox2CompleteCallback	16	static
../CanOpenNode/PDM/CO_driver_ST32F103.c:517:14:prv_read_can_received_msg	32	static
../CanOpenNode/PDM/CO_driver_ST32F103.c:572:6:HAL_CAN_RxFifo0MsgPendingCallback	16	static
../CanOpenNode/PDM/CO_driver_ST32F103.c:577:6:HAL_CAN_RxFifo1MsgPendingCallback	16	static
