../Core/Src/main.c:197:5:main	8	static
../Core/Src/main.c:312:6:SystemClock_Config	88	static
../Core/Src/main.c:358:13:MX_ADC1_Init	24	static
../Core/Src/main.c:473:13:MX_ADC2_Init	24	static
../Core/Src/main.c:579:13:MX_ADC3_Init	24	static
../Core/Src/main.c:703:13:MX_CAN1_Init	8	static
../Core/Src/main.c:740:13:MX_I2C2_Init	8	static
../Core/Src/main.c:774:13:MX_TIM1_Init	96	static
../Core/Src/main.c:861:13:MX_TIM2_Init	64	static
../Core/Src/main.c:928:13:MX_TIM3_Init	64	static
../Core/Src/main.c:991:13:MX_TIM4_Init	64	static
../Core/Src/main.c:1062:13:MX_TIM8_Init	96	static
../Core/Src/main.c:1149:13:MX_TIM9_Init	40	static
../Core/Src/main.c:1205:13:MX_TIM12_Init	56	static
../Core/Src/main.c:1261:13:MX_USART2_UART_Init	8	static
../Core/Src/main.c:1294:13:MX_USB_OTG_FS_PCD_Init	8	static
../Core/Src/main.c:1327:13:MX_DMA_Init	16	static
../Core/Src/main.c:1351:13:MX_GPIO_Init	64	static
../Core/Src/main.c:1442:6:StartDefaultTask	16	static
../Core/Src/main.c:1461:6:HAL_TIM_PeriodElapsedCallback	16	static
../Core/Src/main.c:1478:6:Error_Handler	4	static,ignoring_inline_asm
