../Core/Src/main.c:132:5:main	8	static
../Core/Src/main.c:231:6:SystemClock_Config	88	static
../Core/Src/main.c:277:13:MX_ADC1_Init	24	static
../Core/Src/main.c:392:13:MX_ADC2_Init	24	static
../Core/Src/main.c:498:13:MX_ADC3_Init	24	static
../Core/Src/main.c:622:13:MX_CAN1_Init	8	static
../Core/Src/main.c:659:13:MX_I2C2_Init	8	static
../Core/Src/main.c:693:13:MX_TIM1_Init	96	static
../Core/Src/main.c:780:13:MX_TIM2_Init	64	static
../Core/Src/main.c:856:13:MX_TIM3_Init	64	static
../Core/Src/main.c:919:13:MX_TIM4_Init	64	static
../Core/Src/main.c:990:13:MX_TIM8_Init	96	static
../Core/Src/main.c:1077:13:MX_TIM9_Init	24	static
../Core/Src/main.c:1115:13:MX_TIM12_Init	56	static
../Core/Src/main.c:1171:13:MX_USART2_UART_Init	8	static
../Core/Src/main.c:1204:13:MX_USB_OTG_FS_PCD_Init	8	static
../Core/Src/main.c:1237:13:MX_DMA_Init	16	static
../Core/Src/main.c:1261:13:MX_GPIO_Init	64	static
../Core/Src/main.c:1352:6:StartDefaultTask	16	static
../Core/Src/main.c:1371:6:HAL_TIM_PeriodElapsedCallback	16	static
../Core/Src/main.c:1388:6:Error_Handler	4	static,ignoring_inline_asm
