../Core/Src/stm32f4xx_it.c:79:6:NMI_Handler	4	static
../Core/Src/stm32f4xx_it.c:94:6:HardFault_Handler	4	static
../Core/Src/stm32f4xx_it.c:109:6:MemManage_Handler	4	static
../Core/Src/stm32f4xx_it.c:124:6:BusFault_Handler	4	static
../Core/Src/stm32f4xx_it.c:139:6:UsageFault_Handler	4	static
../Core/Src/stm32f4xx_it.c:154:6:DebugMon_Handler	4	static
../Core/Src/stm32f4xx_it.c:174:6:CAN1_TX_IRQHandler	8	static
../Core/Src/stm32f4xx_it.c:188:6:CAN1_RX0_IRQHandler	8	static
../Core/Src/stm32f4xx_it.c:202:6:CAN1_RX1_IRQHandler	8	static
../Core/Src/stm32f4xx_it.c:216:6:TIM2_IRQHandler	8	static
../Core/Src/stm32f4xx_it.c:230:6:TIM8_BRK_TIM12_IRQHandler	8	static
../Core/Src/stm32f4xx_it.c:245:6:TIM8_UP_TIM13_IRQHandler	8	static
../Core/Src/stm32f4xx_it.c:259:6:TIM8_TRG_COM_TIM14_IRQHandler	8	static
../Core/Src/stm32f4xx_it.c:274:6:TIM8_CC_IRQHandler	8	static
../Core/Src/stm32f4xx_it.c:288:6:TIM5_IRQHandler	8	static
../Core/Src/stm32f4xx_it.c:302:6:DMA2_Stream0_IRQHandler	8	static
../Core/Src/stm32f4xx_it.c:316:6:DMA2_Stream2_IRQHandler	8	static
../Core/Src/stm32f4xx_it.c:330:6:DMA2_Stream4_IRQHandler	8	static
