../Core/Src/stm32f4xx_it.c:80:6:NMI_Handler	4	static
../Core/Src/stm32f4xx_it.c:95:6:HardFault_Handler	4	static
../Core/Src/stm32f4xx_it.c:110:6:MemManage_Handler	4	static
../Core/Src/stm32f4xx_it.c:125:6:BusFault_Handler	4	static
../Core/Src/stm32f4xx_it.c:140:6:UsageFault_Handler	4	static
../Core/Src/stm32f4xx_it.c:155:6:DebugMon_Handler	4	static
../Core/Src/stm32f4xx_it.c:175:6:CAN1_TX_IRQHandler	8	static
../Core/Src/stm32f4xx_it.c:189:6:CAN1_RX0_IRQHandler	8	static
../Core/Src/stm32f4xx_it.c:203:6:CAN1_RX1_IRQHandler	8	static
../Core/Src/stm32f4xx_it.c:217:6:CAN1_SCE_IRQHandler	8	static
../Core/Src/stm32f4xx_it.c:231:6:TIM1_BRK_TIM9_IRQHandler	8	static
../Core/Src/stm32f4xx_it.c:246:6:TIM2_IRQHandler	8	static
../Core/Src/stm32f4xx_it.c:260:6:TIM8_BRK_TIM12_IRQHandler	8	static
../Core/Src/stm32f4xx_it.c:275:6:TIM8_UP_TIM13_IRQHandler	8	static
../Core/Src/stm32f4xx_it.c:289:6:TIM8_TRG_COM_TIM14_IRQHandler	8	static
../Core/Src/stm32f4xx_it.c:304:6:TIM8_CC_IRQHandler	8	static
../Core/Src/stm32f4xx_it.c:318:6:DMA2_Stream0_IRQHandler	8	static
../Core/Src/stm32f4xx_it.c:332:6:DMA2_Stream2_IRQHandler	8	static
../Core/Src/stm32f4xx_it.c:346:6:DMA2_Stream4_IRQHandler	8	static
