../LUA/lapi.c:60:16:index2value	32	static
../LUA/lapi.c:94:17:index2stack	24	static
../LUA/lapi.c:109:13:lua_checkstack	32	static
../LUA/lapi.c:131:14:lua_xmove	40	static
../LUA/lapi.c:147:23:lua_atpanic	24	static
../LUA/lapi.c:157:20:lua_version	16	static
../LUA/lapi.c:172:13:lua_absindex	16	static
../LUA/lapi.c:179:13:lua_gettop	16	static
../LUA/lapi.c:184:14:lua_settop	32	static
../LUA/lapi.c:212:14:lua_closeslot	24	static
../LUA/lapi.c:231:16:reverse	56	static
../LUA/lapi.c:245:14:lua_rotate	40	static
../LUA/lapi.c:259:14:lua_copy	40	static
../LUA/lapi.c:274:14:lua_pushvalue	24	static
../LUA/lapi.c:288:13:lua_type	24	static
../LUA/lapi.c:294:21:lua_typename	16	static
../LUA/lapi.c:301:13:lua_iscfunction	24	static
../LUA/lapi.c:307:13:lua_isinteger	24	static
../LUA/lapi.c:313:13:lua_isnumber	24	static
../LUA/lapi.c:320:13:lua_isstring	24	static
../LUA/lapi.c:326:13:lua_isuserdata	24	static
../LUA/lapi.c:332:13:lua_rawequal	32	static
../LUA/lapi.c:339:14:lua_arith	32	static
../LUA/lapi.c:355:13:lua_compare	40	static
../LUA/lapi.c:375:16:lua_stringtonumber	24	static
../LUA/lapi.c:383:20:lua_tonumberx	40	static
../LUA/lapi.c:393:21:lua_tointegerx	40	static
../LUA/lapi.c:403:13:lua_toboolean	24	static
../LUA/lapi.c:409:21:lua_tolstring	32	static
../LUA/lapi.c:430:22:lua_rawlen	24	static
../LUA/lapi.c:442:23:lua_tocfunction	24	static
../LUA/lapi.c:451:17:touserdata	16	static
../LUA/lapi.c:460:15:lua_touserdata	24	static
../LUA/lapi.c:466:20:lua_tothread	24	static
../LUA/lapi.c:479:21:lua_topointer	24	static
../LUA/lapi.c:501:14:lua_pushnil	16	static
../LUA/lapi.c:509:14:lua_pushnumber	24	static
../LUA/lapi.c:517:14:lua_pushinteger	24	static
../LUA/lapi.c:530:21:lua_pushlstring	40	static
../LUA/lapi.c:542:21:lua_pushstring	32	static
../LUA/lapi.c:559:21:lua_pushvfstring	32	static
../LUA/lapi.c:570:21:lua_pushfstring	28	static
../LUA/lapi.c:583:14:lua_pushcclosure	48	static
../LUA/lapi.c:609:14:lua_pushboolean	16	static
../LUA/lapi.c:620:14:lua_pushlightuserdata	24	static
../LUA/lapi.c:628:13:lua_pushthread	24	static
../LUA/lapi.c:643:15:auxgetstr	56	static
../LUA/lapi.c:670:13:lua_getglobal	24	static
../LUA/lapi.c:678:13:lua_gettable	40	static
../LUA/lapi.c:693:13:lua_getfield	24	static
../LUA/lapi.c:699:13:lua_geti	64	static
../LUA/lapi.c:718:15:finishrawget	24	static
../LUA/lapi.c:729:15:gettable	24	static
../LUA/lapi.c:736:13:lua_rawget	24	static
../LUA/lapi.c:748:13:lua_rawgeti	32	static
../LUA/lapi.c:756:13:lua_rawgetp	40	static
../LUA/lapi.c:766:14:lua_createtable	40	static
../LUA/lapi.c:779:13:lua_getmetatable	40	static
../LUA/lapi.c:806:13:lua_getiuservalue	40	static
../LUA/lapi.c:833:13:auxsetstr	56	static
../LUA/lapi.c:851:14:lua_setglobal	24	static
../LUA/lapi.c:859:14:lua_settable	40	static
../LUA/lapi.c:875:14:lua_setfield	24	static
../LUA/lapi.c:881:14:lua_seti	64	static
../LUA/lapi.c:900:13:aux_rawset	32	static
../LUA/lapi.c:913:14:lua_rawset	16	static
../LUA/lapi.c:918:14:lua_rawsetp	40	static
../LUA/lapi.c:925:14:lua_rawseti	32	static
../LUA/lapi.c:937:13:lua_setmetatable	24	static
../LUA/lapi.c:977:13:lua_setiuservalue	40	static
../LUA/lapi.c:1007:14:lua_callk	32	static
../LUA/lapi.c:1039:13:f_call	24	static
../LUA/lapi.c:1046:13:lua_pcallk	56	static
../LUA/lapi.c:1090:13:lua_load	64	static
../LUA/lapi.c:1113:13:lua_dump	40	static
../LUA/lapi.c:1128:13:lua_status	16	static
../LUA/lapi.c:1136:13:lua_gc	76	static
../LUA/lapi.c:1241:13:lua_error	24	static
../LUA/lapi.c:1256:13:lua_next	24	static
../LUA/lapi.c:1273:14:lua_toclose	24	static
../LUA/lapi.c:1288:14:lua_concat	24	static
../LUA/lapi.c:1302:14:lua_len	24	static
../LUA/lapi.c:1312:19:lua_getallocf	24	static
../LUA/lapi.c:1322:14:lua_setallocf	24	static
../LUA/lapi.c:1330:6:lua_setwarnf	24	static
../LUA/lapi.c:1338:6:lua_warning	24	static
../LUA/lapi.c:1346:15:lua_newuserdatauv	40	static
../LUA/lapi.c:1360:20:aux_upvalue	40	static
../LUA/lapi.c:1387:21:lua_getupvalue	40	static
../LUA/lapi.c:1401:21:lua_setupvalue	48	static
../LUA/lapi.c:1420:16:getupvalref	32	static
../LUA/lapi.c:1434:15:lua_upvalueid	32	static
../LUA/lapi.c:1456:14:lua_upvaluejoin	40	static
