../LUA/lbaselib.c:24:12:luaB_print	32	static
../LUA/lbaselib.c:45:12:luaB_warn	24	static
../LUA/lbaselib.c:60:20:b_str2int	40	static
../LUA/lbaselib.c:81:12:luaB_tonumber	40	static
../LUA/lbaselib.c:114:12:luaB_error	24	static
../LUA/lbaselib.c:126:12:luaB_getmetatable	16	static
../LUA/lbaselib.c:137:12:luaB_setmetatable	24	static
../LUA/lbaselib.c:149:12:luaB_rawequal	16	static
../LUA/lbaselib.c:157:12:luaB_rawlen	24	static
../LUA/lbaselib.c:166:12:luaB_rawget	16	static
../LUA/lbaselib.c:174:12:luaB_rawset	16	static
../LUA/lbaselib.c:184:12:pushmode	16	static
../LUA/lbaselib.c:199:12:luaB_collectgarbage	80	static
../LUA/lbaselib.c:259:12:luaB_type	24	static
../LUA/lbaselib.c:267:12:luaB_next	16	static
../LUA/lbaselib.c:279:12:pairscont	24	static
../LUA/lbaselib.c:284:12:luaB_pairs	24	static
../LUA/lbaselib.c:302:12:ipairsaux	24	static
../LUA/lbaselib.c:314:12:luaB_ipairs	16	static
../LUA/lbaselib.c:323:12:load_aux	24	static
../LUA/lbaselib.c:340:12:luaB_loadfile	32	static
../LUA/lbaselib.c:370:20:generic_reader	32	static
../LUA/lbaselib.c:387:12:luaB_load	56	static
../LUA/lbaselib.c:409:12:dofilecont	24	static
../LUA/lbaselib.c:415:12:luaB_dofile	32	static
../LUA/lbaselib.c:425:12:luaB_assert	16	static
../LUA/lbaselib.c:438:12:luaB_select	24	static
../LUA/lbaselib.c:461:12:finishpcall	24	static
../LUA/lbaselib.c:472:12:luaB_pcall	32	static
../LUA/lbaselib.c:487:12:luaB_xpcall	32	static
../LUA/lbaselib.c:499:12:luaB_tostring	16	static
../LUA/lbaselib.c:537:16:luaopen_base	16	static
