../LUA/ldblib.c:35:13:checkstack	24	static
../LUA/ldblib.c:41:12:db_getregistry	16	static
../LUA/ldblib.c:47:12:db_getmetatable	16	static
../LUA/ldblib.c:56:12:db_setmetatable	24	static
../LUA/ldblib.c:65:12:db_getuservalue	24	static
../LUA/ldblib.c:77:12:db_setuservalue	24	static
../LUA/ldblib.c:94:19:getthread	16	static
../LUA/ldblib.c:111:13:settabss	24	static
../LUA/ldblib.c:116:13:settabsi	24	static
../LUA/ldblib.c:121:13:settabsb	24	static
../LUA/ldblib.c:134:13:treatstackoption	24	static
../LUA/ldblib.c:149:12:db_getinfo	136	static
../LUA/ldblib.c:203:12:db_getlocal	144	static
../LUA/ldblib.c:234:12:db_setlocal	144	static
../LUA/ldblib.c:258:12:auxupvalue	24	static
../LUA/ldblib.c:270:12:db_getupvalue	16	static
../LUA/ldblib.c:275:12:db_setupvalue	16	static
../LUA/ldblib.c:285:14:checkupval	32	static
../LUA/ldblib.c:298:12:db_upvalueid	24	static
../LUA/ldblib.c:308:12:db_upvaluejoin	32	static
../LUA/ldblib.c:323:13:hookf	24	static
../LUA/ldblib.c:342:12:makemask	24	static
../LUA/ldblib.c:355:14:unmakemask	24	static
../LUA/ldblib.c:365:12:db_sethook	40	static
../LUA/ldblib.c:395:12:db_gethook	40	static
../LUA/ldblib.c:420:12:db_debug	288	static
../LUA/ldblib.c:435:12:db_traceback	32	static
../LUA/ldblib.c:449:12:db_setcstacklimit	24	static
../LUA/ldblib.c:479:16:luaopen_debug	16	static
