../LUA/ldebug.c:41:12:currentpc	16	static
../LUA/ldebug.c:60:12:getbaseline	32	static
../LUA/ldebug.c:83:5:luaG_getfuncline	24	static
../LUA/ldebug.c:98:12:getcurrentline	24	static
../LUA/ldebug.c:114:13:settraps	16	static
../LUA/ldebug.c:131:14:lua_sethook	24	static
../LUA/ldebug.c:145:18:lua_gethook	16	static
../LUA/ldebug.c:150:13:lua_gethookmask	16	static
../LUA/ldebug.c:155:13:lua_gethookcount	16	static
../LUA/ldebug.c:160:13:lua_getstack	32	static
../LUA/ldebug.c:177:20:upvalname	24	static
../LUA/ldebug.c:184:20:findvararg	32	static
../LUA/ldebug.c:196:13:luaG_findlocal	48	static
../LUA/ldebug.c:220:21:lua_getlocal	40	static
../LUA/ldebug.c:242:21:lua_setlocal	40	static
../LUA/ldebug.c:256:13:funcinfo	24	static
../LUA/ldebug.c:282:12:nextline	24	static
../LUA/ldebug.c:290:13:collectvalidlines	48	static
../LUA/ldebug.c:319:20:getfuncname	24	static
../LUA/ldebug.c:327:12:auxgetinfo	32	static
../LUA/ldebug.c:383:13:lua_getinfo	56	static
../LUA/ldebug.c:427:13:kname	32	static
../LUA/ldebug.c:436:13:rname	32	static
../LUA/ldebug.c:446:13:rkname	32	static
../LUA/ldebug.c:455:12:filterpc	16	static
../LUA/ldebug.c:465:12:findsetreg	64	static
../LUA/ldebug.c:515:20:gxf	32	static
../LUA/ldebug.c:526:20:getobjname	56	static
../LUA/ldebug.c:594:20:funcnamefromcode	32	static
../LUA/ldebug.c:638:20:funcnamefromcall	32	static
../LUA/ldebug.c:664:12:isinstack	24	static
../LUA/ldebug.c:679:20:getupvalname	32	static
../LUA/ldebug.c:693:20:formatvarinfo	24	static
../LUA/ldebug.c:705:20:varinfo	40	static
../LUA/ldebug.c:722:16:typeerror	40	static
../LUA/ldebug.c:733:9:luaG_typeerror	24	static
../LUA/ldebug.c:743:9:luaG_callerror	32	static
../LUA/ldebug.c:752:9:luaG_forerror	24	static
../LUA/ldebug.c:758:9:luaG_concaterror	24	static
../LUA/ldebug.c:764:9:luaG_opinterror	24	static
../LUA/ldebug.c:775:9:luaG_tointerror	32	static
../LUA/ldebug.c:783:9:luaG_ordererror	32	static
../LUA/ldebug.c:794:13:luaG_addinfo	96	static
../LUA/ldebug.c:806:9:luaG_errormsg	40	static
../LUA/ldebug.c:819:9:luaG_runerror	36	static
../LUA/ldebug.c:841:12:changedline	48	static
../LUA/ldebug.c:874:5:luaG_traceexec	56	static
