../LUA/ldo.c:91:6:luaD_seterrorobj	48	static
../LUA/ldo.c:115:9:luaD_throw	32	static
../LUA/ldo.c:138:5:luaD_rawrunprotected	128	static
../LUA/ldo.c:160:13:correctstack	32	static
../LUA/ldo.c:191:5:luaD_reallocstack	40	static
../LUA/ldo.c:219:5:luaD_growstack	40	static
../LUA/ldo.c:250:12:stackinuse	32	static
../LUA/ldo.c:274:6:luaD_shrinkstack	32	static
../LUA/ldo.c:293:6:luaD_inctop	16	static
../LUA/ldo.c:306:6:luaD_hook	152	static
../LUA/ldo.c:347:6:luaD_hookcall	32	static
../LUA/ldo.c:365:13:rethook	48	static
../LUA/ldo.c:390:7:luaD_tryfuncTM	48	static
../LUA/ldo.c:411:16:moveresults	56	static
../LUA/ldo.c:462:6:luaD_poscall	32	static
../LUA/ldo.c:479:21:prepCallInfo	32	static
../LUA/ldo.c:493:15:precallC	48	static
../LUA/ldo.c:520:5:luaD_pretailcall	56	static
../LUA/ldo.c:565:11:luaD_precall	56	static
../LUA/ldo.c:602:16:ccall	32	static
../LUA/ldo.c:618:6:luaD_call	24	static
../LUA/ldo.c:626:6:luaD_callnoyield	24	static
../LUA/ldo.c:647:12:finishpcallk	24	static
../LUA/ldo.c:681:13:finishCcall	24	static
../LUA/ldo.c:709:13:unroll	24	static
../LUA/ldo.c:727:18:findpcall	24	static
../LUA/ldo.c:742:12:resume_error	32	static
../LUA/ldo.c:758:13:resume	32	static
../LUA/ldo.c:793:12:precover	24	static
../LUA/ldo.c:804:13:lua_resume	32	static
../LUA/ldo.c:839:13:lua_isyieldable	16	static
../LUA/ldo.c:844:13:lua_yieldk	32	static
../LUA/ldo.c:887:13:closepaux	24	static
../LUA/ldo.c:897:5:luaD_closeprotected	40	static
../LUA/ldo.c:919:5:luaD_pcall	40	static
../LUA/ldo.c:952:13:checkmode	24	static
../LUA/ldo.c:961:13:f_parser	48	static
../LUA/ldo.c:978:5:luaD_protectedparser	96	static
