../LUA/lgc.c:125:19:getgclist	24	static
../LUA/lgc.c:148:13:linkgclist_	24	static
../LUA/lgc.c:171:13:clearkey	16	static
../LUA/lgc.c:185:12:iscleared	16	static
../LUA/lgc.c:208:6:luaC_barrier_	32	static
../LUA/lgc.c:230:6:luaC_barrierback_	32	static
../LUA/lgc.c:243:6:luaC_fix	24	static
../LUA/lgc.c:258:11:luaC_newobj	32	static
../LUA/lgc.c:291:13:reallymarkobject	32	static
../LUA/lgc.c:329:13:markmt	24	static
../LUA/lgc.c:339:15:markbeingfnz	24	static
../LUA/lgc.c:361:12:remarkupvals	32	static
../LUA/lgc.c:388:13:cleargraylists	16	static
../LUA/lgc.c:397:13:restartcollection	16	static
../LUA/lgc.c:424:13:genlink	24	static
../LUA/lgc.c:440:13:traverseweakvalue	32	static
../LUA/lgc.c:474:12:traverseephemeron	56	static
../LUA/lgc.c:517:13:traversestrongtable	32	static
../LUA/lgc.c:536:15:traversetable	32	static
../LUA/lgc.c:557:12:traverseudata	24	static
../LUA/lgc.c:572:12:traverseproto	24	static
../LUA/lgc.c:587:12:traverseCclosure	24	static
../LUA/lgc.c:598:12:traverseLclosure	24	static
../LUA/lgc.c:621:12:traversethread	24	static
../LUA/lgc.c:652:15:propagatemark	24	static
../LUA/lgc.c:668:15:propagateall	24	static
../LUA/lgc.c:683:13:convergeephemerons	40	static
../LUA/lgc.c:717:13:clearbykeys	32	static
../LUA/lgc.c:736:13:clearbyvalues	48	static
../LUA/lgc.c:757:13:freeupval	16	static
../LUA/lgc.c:764:13:freeobj	40	static
../LUA/lgc.c:816:19:sweeplist	48	static
../LUA/lgc.c:843:19:sweeptolive	24	static
../LUA/lgc.c:863:13:checkSizes	24	static
../LUA/lgc.c:878:18:udata2finalize	24	static
../LUA/lgc.c:893:13:dothecall	16	static
../LUA/lgc.c:899:13:GCTM	80	static
../LUA/lgc.c:930:12:runafewfinalizers	24	static
../LUA/lgc.c:942:13:callallpendingfinalizers	24	static
../LUA/lgc.c:952:19:findlast	16	static
../LUA/lgc.c:966:13:separatetobefnz	32	static
../LUA/lgc.c:989:13:checkpointer	16	static
../LUA/lgc.c:999:13:correctpointers	16	static
../LUA/lgc.c:1011:6:luaC_checkfinalizer	32	static
../LUA/lgc.c:1053:13:sweep2old	32	static
../LUA/lgc.c:1089:19:sweepgen	40	static
../LUA/lgc.c:1130:13:whitelist	24	static
../LUA/lgc.c:1146:19:correctgraylist	24	static
../LUA/lgc.c:1179:13:correctgraylists	24	static
../LUA/lgc.c:1195:13:markold	32	static
../LUA/lgc.c:1211:13:finishgencycle	16	static
../LUA/lgc.c:1225:13:youngcollection	32	static
../LUA/lgc.c:1266:13:atomic2gen	16	static
../LUA/lgc.c:1294:15:entergen	24	static
../LUA/lgc.c:1309:13:enterinc	16	static
../LUA/lgc.c:1324:6:luaC_changemode	24	static
../LUA/lgc.c:1339:15:fullgen	16	static
../LUA/lgc.c:1349:13:setminordebt	16	static
../LUA/lgc.c:1375:13:stepgenfull	24	static
../LUA/lgc.c:1415:13:genstep	32	static
../LUA/lgc.c:1458:13:setpause	32	static
../LUA/lgc.c:1479:13:entersweep	24	static
../LUA/lgc.c:1491:13:deletelist	32	static
../LUA/lgc.c:1504:6:luaC_freeallobjects	24	static
../LUA/lgc.c:1518:15:atomic	40	static
../LUA/lgc.c:1561:12:sweepstep	32	static
../LUA/lgc.c:1578:15:singlestep	24	static
../LUA/lgc.c:1645:6:luaC_runtilstate	24	static
../LUA/lgc.c:1660:13:incstep	32	static
../LUA/lgc.c:1681:6:luaC_step	24	static
../LUA/lgc.c:1700:13:fullinc	16	static
../LUA/lgc.c:1718:6:luaC_fullgc	24	static
