../LUA/llex.c:57:13:save	24	static
../LUA/llex.c:70:6:luaX_init	32	static
../LUA/llex.c:82:13:luaX_token2str	24	static
../LUA/llex.c:99:20:txtToken	16	static
../LUA/llex.c:111:16:lexerror	32	static
../LUA/llex.c:119:9:luaX_syntaxerror	16	static
../LUA/llex.c:134:10:luaX_newstring	56	static
../LUA/llex.c:156:13:inclinenumber	24	static
../LUA/llex.c:167:6:luaX_setinput	32	static
../LUA/llex.c:191:12:check_next1	16	static
../LUA/llex.c:204:12:check_next2	16	static
../LUA/llex.c:227:12:read_numeral	32	static
../LUA/llex.c:265:15:skip_sep	24	static
../LUA/llex.c:280:13:read_long_string	40	static
../LUA/llex.c:319:13:esccheck	24	static
../LUA/llex.c:328:12:gethexa	16	static
../LUA/llex.c:335:12:readhexaesc	32	static
../LUA/llex.c:343:22:readutf8esc	32	static
../LUA/llex.c:361:13:utf8esc	32	static
../LUA/llex.c:369:12:readdecesc	24	static
../LUA/llex.c:382:13:read_string	32	static
../LUA/llex.c:445:12:llex	32	static
../LUA/llex.c:565:6:luaX_next	16	static
../LUA/llex.c:576:5:luaX_lookahead	16	static
