../LUA/lmathlib.c:29:12:math_abs	24	static
../LUA/lmathlib.c:40:12:math_sin	16	static
../LUA/lmathlib.c:45:12:math_cos	16	static
../LUA/lmathlib.c:50:12:math_tan	16	static
../LUA/lmathlib.c:55:12:math_asin	16	static
../LUA/lmathlib.c:60:12:math_acos	16	static
../LUA/lmathlib.c:65:12:math_atan	24	static
../LUA/lmathlib.c:73:12:math_toint	24	static
../LUA/lmathlib.c:86:13:pushnumint	24	static
../LUA/lmathlib.c:95:12:math_floor	24	static
../LUA/lmathlib.c:106:12:math_ceil	24	static
../LUA/lmathlib.c:117:12:math_fmod	32	static
../LUA/lmathlib.c:139:12:math_modf	24	static
../LUA/lmathlib.c:156:12:math_sqrt	16	static
../LUA/lmathlib.c:162:12:math_ult	24	static
../LUA/lmathlib.c:169:12:math_log	40	static
../LUA/lmathlib.c:190:12:math_exp	16	static
../LUA/lmathlib.c:195:12:math_deg	16	static
../LUA/lmathlib.c:200:12:math_rad	16	static
../LUA/lmathlib.c:206:12:math_min	32	static
../LUA/lmathlib.c:220:12:math_max	32	static
../LUA/lmathlib.c:234:12:math_type	16	static
../LUA/lmathlib.c:304:15:rotl	48	static
../LUA/lmathlib.c:308:15:nextrand	112	static
../LUA/lmathlib.c:337:19:I2d	16	static
../LUA/lmathlib.c:532:21:project	32	static
../LUA/lmathlib.c:557:12:math_random	48	static
../LUA/lmathlib.c:592:13:setseed	48	static
../LUA/lmathlib.c:611:13:randseed	24	static
../LUA/lmathlib.c:618:12:math_randomseed	32	static
../LUA/lmathlib.c:642:13:setrandfunc	24	static
../LUA/lmathlib.c:751:16:luaopen_math	16	static
