../LUA/loadlib.c:240:13:lsys_unloadlib	16	static
../LUA/loadlib.c:245:14:lsys_load	24	static
../LUA/loadlib.c:252:22:lsys_sym	24	static
../LUA/loadlib.c:285:12:noenv	24	static
../LUA/loadlib.c:297:13:setpath	320	static
../LUA/loadlib.c:335:14:checkclib	24	static
../LUA/loadlib.c:349:13:addtoclib	24	static
../LUA/loadlib.c:363:12:gctm	24	static
../LUA/loadlib.c:390:12:lookforfunc	32	static
../LUA/loadlib.c:411:12:ll_loadlib	32	static
../LUA/loadlib.c:434:12:readable	24	static
../LUA/loadlib.c:447:20:getnextfilename	24	static
../LUA/loadlib.c:471:13:pusherrornotfound	288	static
../LUA/loadlib.c:481:20:searchpath	320	static
../LUA/loadlib.c:508:12:ll_searchpath	48	static
../LUA/loadlib.c:522:20:findfile	40	static
../LUA/loadlib.c:534:12:checkload	40	static
../LUA/loadlib.c:545:12:searcher_Lua	24	static
../LUA/loadlib.c:562:12:loadfunc	40	static
../LUA/loadlib.c:580:12:searcher_C	24	static
../LUA/loadlib.c:588:12:searcher_Croot	32	static
../LUA/loadlib.c:610:12:searcher_preload	24	static
../LUA/loadlib.c:624:13:findloader	304	static
../LUA/loadlib.c:657:12:ll_require	32	static
../LUA/loadlib.c:710:13:createsearcherstable	24	static
../LUA/loadlib.c:730:13:createclibstable	16	static
../LUA/loadlib.c:739:16:luaopen_package	16	static
