../LUA/lstate.c:71:21:luai_makeseed	48	static
../LUA/lstate.c:89:6:luaE_setdebt	24	static
../LUA/lstate.c:99:13:lua_setcstacklimit	16	static
../LUA/lstate.c:105:11:luaE_extendCI	24	static
../LUA/lstate.c:122:6:luaE_freeCI	24	static
../LUA/lstate.c:138:6:luaE_shrinkCI	32	static
../LUA/lstate.c:165:6:luaE_checkcstack	16	static
../LUA/lstate.c:173:16:luaE_incCstack	16	static
../LUA/lstate.c:180:13:stack_init	24	static
../LUA/lstate.c:203:13:freestack	16	static
../LUA/lstate.c:216:13:init_registry	48	static
../LUA/lstate.c:231:13:f_luaopen	24	static
../LUA/lstate.c:249:13:preinit_thread	16	static
../LUA/lstate.c:269:13:close_state	32	static
../LUA/lstate.c:286:20:lua_newthread	32	static
../LUA/lstate.c:317:6:luaE_freethread	24	static
../LUA/lstate.c:327:5:luaE_resetthread	24	static
../LUA/lstate.c:346:13:lua_resetthread	24	static
../LUA/lstate.c:355:20:lua_newstate	48	static
../LUA/lstate.c:411:14:lua_close	16	static
../LUA/lstate.c:418:6:luaE_warning	32	static
../LUA/lstate.c:428:6:luaE_warnerror	24	static
