../LUA/lvm.c:90:12:l_strton	16	static
../LUA/lvm.c:103:5:luaV_tonumber_	24	static
../LUA/lvm.c:121:5:luaV_flttointeger	32	static
../LUA/lvm.c:137:5:luaV_tointegerns	24	static
../LUA/lvm.c:152:5:luaV_tointeger	32	static
../LUA/lvm.c:176:12:forlimit	32	static
../LUA/lvm.c:206:12:forprep	88	static
../LUA/lvm.c:266:12:floatforloop	40	static
../LUA/lvm.c:287:6:luaV_finishget	48	static
../LUA/lvm.c:330:6:luaV_finishset	56	static
../LUA/lvm.c:375:12:l_strcmp	40	static
../LUA/lvm.c:409:15:LTintfloat	24	static
../LUA/lvm.c:426:15:LEintfloat	24	static
../LUA/lvm.c:443:15:LTfloatint	24	static
../LUA/lvm.c:460:15:LEfloatint	24	static
../LUA/lvm.c:476:15:LTnum	24	static
../LUA/lvm.c:498:15:LEnum	24	static
../LUA/lvm.c:520:12:lessthanothers	24	static
../LUA/lvm.c:532:5:luaV_lessthan	24	static
../LUA/lvm.c:542:12:lessequalothers	24	static
../LUA/lvm.c:554:5:luaV_lessequal	24	static
../LUA/lvm.c:565:5:luaV_equalobj	48	static
../LUA/lvm.c:624:13:copy2buff	32	static
../LUA/lvm.c:638:6:luaV_concat	96	static
../LUA/lvm.c:683:6:luaV_objlen	56	static
../LUA/lvm.c:718:13:luaV_idiv	32	static
../LUA/lvm.c:738:13:luaV_mod	32	static
../LUA/lvm.c:756:12:luaV_modf	32	static
../LUA/lvm.c:772:13:luaV_shiftl	16	static
../LUA/lvm.c:788:13:pushclosure	48	static
../LUA/lvm.c:809:6:luaV_finishOp	80	static
../LUA/lvm.c:1139:6:luaV_execute	1432	static
