../Shell/CO_driver_ST32F4xx.c:46:9:co_drv_create_os_objects	56	static
../Shell/CO_driver_ST32F4xx.c:80:1:co_drv_mutex_lock	8	static
../Shell/CO_driver_ST32F4xx.c:89:1:co_drv_mutex_unlock	8	static
../Shell/CO_driver_ST32F4xx.c:94:6:CO_CANsetConfigurationMode	16	static
../Shell/CO_driver_ST32F4xx.c:103:6:CO_CANsetNormalMode	16	static
../Shell/CO_driver_ST32F4xx.c:112:18:CO_CANmodule_init	72	static
../Shell/CO_driver_ST32F4xx.c:233:6:CO_CANmodule_disable	16	static
../Shell/CO_driver_ST32F4xx.c:241:18:CO_CANrxBufferInit	32	static
../Shell/CO_driver_ST32F4xx.c:281:13:CO_CANtxBufferInit	32	static
../Shell/CO_driver_ST32F4xx.c:318:1:prv_send_can_message	24	static
../Shell/CO_driver_ST32F4xx.c:344:18:CO_CANsend	32	static,ignoring_inline_asm
../Shell/CO_driver_ST32F4xx.c:371:6:CO_CANclearPendingSyncPDOs	40	static,ignoring_inline_asm
../Shell/CO_driver_ST32F4xx.c:411:6:CO_CANmodule_process	24	static
../Shell/CO_driver_ST32F4xx.c:466:6:CAN_SendMessage	24	static,ignoring_inline_asm
../Shell/CO_driver_ST32F4xx.c:498:6:HAL_CAN_TxMailbox0CompleteCallback	16	static
../Shell/CO_driver_ST32F4xx.c:502:6:HAL_CAN_TxMailbox1CompleteCallback	16	static
../Shell/CO_driver_ST32F4xx.c:506:6:HAL_CAN_TxMailbox2CompleteCallback	16	static
../Shell/CO_driver_ST32F4xx.c:512:14:prv_read_can_received_msg	32	static
../Shell/CO_driver_ST32F4xx.c:532:6:HAL_CAN_RxFifo0MsgPendingCallback	16	static
../Shell/CO_driver_ST32F4xx.c:538:6:HAL_CAN_RxFifo1MsgPendingCallback	16	static
