../elua/lcode.c:46:9:luaK_semerror	16	static
../elua/lcode.c:56:12:tonumeral	24	static
../elua/lcode.c:74:16:const2val	16	static
../elua/lcode.c:84:5:luaK_exp2const	40	static
../elua/lcode.c:116:21:previousinstruction	16	static
../elua/lcode.c:131:6:luaK_nil	48	static
../elua/lcode.c:154:12:getjump	24	static
../elua/lcode.c:167:13:fixjump	32	static
../elua/lcode.c:181:6:luaK_concat	32	static
../elua/lcode.c:199:5:luaK_jump	16	static
../elua/lcode.c:207:6:luaK_ret	40	static
../elua/lcode.c:222:12:condjump	32	static
../elua/lcode.c:232:5:luaK_getlabel	16	static
../elua/lcode.c:243:21:getjumpcontrol	24	static
../elua/lcode.c:259:12:patchtestreg	32	static
../elua/lcode.c:277:13:removevalues	16	static
../elua/lcode.c:288:13:patchlistaux	32	static
../elua/lcode.c:306:6:luaK_patchlist	32	static
../elua/lcode.c:312:6:luaK_patchtohere	24	static
../elua/lcode.c:329:13:savelineinfo	56	static
../elua/lcode.c:353:13:removelastlineinfo	24	static
../elua/lcode.c:372:13:removelastinstruction	16	static
../elua/lcode.c:382:5:luaK_code	48	static
../elua/lcode.c:397:5:luaK_codeABCk	24	static
../elua/lcode.c:408:5:luaK_codeABx	24	static
../elua/lcode.c:418:5:luaK_codeAsBx	32	static
../elua/lcode.c:429:12:codesJ	32	static
../elua/lcode.c:440:12:codeextraarg	16	static
../elua/lcode.c:451:12:luaK_codek	32	static
../elua/lcode.c:466:6:luaK_checkstack	24	static
../elua/lcode.c:480:6:luaK_reserveregs	16	static
../elua/lcode.c:491:13:freereg	16	static
../elua/lcode.c:502:13:freeregs	24	static
../elua/lcode.c:517:13:freeexp	16	static
../elua/lcode.c:527:13:freeexps	32	static
../elua/lcode.c:543:12:addk	96	static
../elua/lcode.c:575:12:stringK	40	static
../elua/lcode.c:585:12:luaK_intK	48	static
../elua/lcode.c:602:12:luaK_numberK	96	static
../elua/lcode.c:625:12:boolF	32	static
../elua/lcode.c:635:12:boolT	32	static
../elua/lcode.c:645:12:nilK	56	static
../elua/lcode.c:659:12:fitsC	16	static
../elua/lcode.c:667:12:fitsBx	16	static
../elua/lcode.c:672:6:luaK_int	24	static
../elua/lcode.c:680:13:luaK_float	32	static
../elua/lcode.c:692:13:const2exp	16	static
../elua/lcode.c:721:6:luaK_setreturns	32	static
../elua/lcode.c:737:13:str2K	16	static
../elua/lcode.c:754:6:luaK_setoneret	16	static
../elua/lcode.c:772:6:luaK_dischargevars	24	static
../elua/lcode.c:825:13:discharge2reg	40	static
../elua/lcode.c:880:13:discharge2anyreg	16	static
../elua/lcode.c:888:12:code_loadbool	32	static
../elua/lcode.c:898:12:need_value	24	static
../elua/lcode.c:914:13:exp2reg	48	static
../elua/lcode.c:942:6:luaK_exp2nextreg	16	static
../elua/lcode.c:954:5:luaK_exp2anyreg	24	static
../elua/lcode.c:976:6:luaK_exp2anyregup	16	static
../elua/lcode.c:986:6:luaK_exp2val	16	static
../elua/lcode.c:998:12:luaK_exp2K	24	static
../elua/lcode.c:1028:5:luaK_exp2RK	16	static
../elua/lcode.c:1038:13:codeABRK	40	static
../elua/lcode.c:1048:6:luaK_storevar	40	static
../elua/lcode.c:1085:6:luaK_self	40	static
../elua/lcode.c:1101:13:negatecondition	24	static
../elua/lcode.c:1115:12:jumponcond	40	static
../elua/lcode.c:1133:6:luaK_goiftrue	24	static
../elua/lcode.c:1160:6:luaK_goiffalse	24	static
../elua/lcode.c:1186:13:codenot	32	static
../elua/lcode.c:1220:12:isKstr	16	static
../elua/lcode.c:1228:5:luaK_isKint	16	static
../elua/lcode.c:1237:12:isCint	16	static
../elua/lcode.c:1246:12:isSCint	16	static
../elua/lcode.c:1255:12:isSCnumber	32	static
../elua/lcode.c:1278:6:luaK_indexed	24	static
../elua/lcode.c:1314:12:validop	40	static
../elua/lcode.c:1333:12:constfolding	88	static
../elua/lcode.c:1359:13:codeunexpval	40	static
../elua/lcode.c:1374:13:finishbinexpval	40	static
../elua/lcode.c:1392:13:codebinexpval	56	static
../elua/lcode.c:1404:13:codebini	56	static
../elua/lcode.c:1416:12:finishbinexpneg	72	static
../elua/lcode.c:1435:13:swapexps	48	static
../elua/lcode.c:1444:13:codearith	64	static
../elua/lcode.c:1466:13:codecommutative	48	static
../elua/lcode.c:1484:13:codebitwise	64	static
../elua/lcode.c:1510:13:codeorder	48	static
../elua/lcode.c:1540:13:codeeq	56	static
../elua/lcode.c:1571:6:luaK_prefix	24	static
../elua/lcode.c:1592:6:luaK_infix	32	static
../elua/lcode.c:1640:13:codeconcat	40	static
../elua/lcode.c:1660:6:luaK_posfix	56	static
../elua/lcode.c:1744:6:luaK_fixline	16	static
../elua/lcode.c:1750:6:luaK_settablesize	48	static
../elua/lcode.c:1768:6:luaK_setlist	40	static
../elua/lcode.c:1787:12:finaltarget	24	static
../elua/lcode.c:1804:6:luaK_finish	32	static
