../elua/liolib.c:40:12:l_checkmode	24	static
../elua/liolib.c:163:12:io_type	24	static
../elua/liolib.c:177:12:f_tostring	24	static
../elua/liolib.c:187:14:tofile	24	static
../elua/liolib.c:201:17:newprefile	24	static
../elua/liolib.c:214:12:aux_close	24	static
../elua/liolib.c:222:12:f_close	16	static
../elua/liolib.c:228:12:io_close	16	static
../elua/liolib.c:235:12:f_gc	24	static
../elua/liolib.c:246:12:io_fclose	24	static
../elua/liolib.c:253:17:newfile	24	static
../elua/liolib.c:261:13:opencheck	32	static
../elua/liolib.c:269:12:io_open	32	static
../elua/liolib.c:283:12:io_pclose	24	static
../elua/liolib.c:290:12:io_popen	32	static
../elua/liolib.c:301:12:io_tmpfile	24	static
../elua/liolib.c:308:14:getiofile	24	static
../elua/liolib.c:318:12:g_iofile	32	static
../elua/liolib.c:335:12:io_input	16	static
../elua/liolib.c:340:12:io_output	16	static
../elua/liolib.c:363:13:aux_lines	32	static
../elua/liolib.c:374:12:f_lines	16	static
../elua/liolib.c:386:12:io_lines	24	static
../elua/liolib.c:438:12:nextc	16	static
../elua/liolib.c:454:12:test2	16	static
../elua/liolib.c:464:12:readdigits	24	static
../elua/liolib.c:477:12:read_number	248	static
../elua/liolib.c:511:12:test_eof	24	static
../elua/liolib.c:519:12:read_line	568	static
../elua/liolib.c:540:13:read_all	552	static
../elua/liolib.c:553:12:read_chars	560	static
../elua/liolib.c:566:12:g_read	48	static
../elua/liolib.c:616:12:io_read	16	static
../elua/liolib.c:621:12:f_read	16	static
../elua/liolib.c:629:12:io_readline	32	static
../elua/liolib.c:660:12:g_write	48	static
../elua/liolib.c:685:12:io_write	16	static
../elua/liolib.c:690:12:f_write	24	static
../elua/liolib.c:697:12:f_seek	56	static
../elua/liolib.c:716:12:f_setvbuf	40	static
../elua/liolib.c:728:12:io_flush	16	static
../elua/liolib.c:733:12:f_flush	16	static
../elua/liolib.c:784:13:createmeta	16	static
../elua/liolib.c:797:12:io_noclose	24	static
../elua/liolib.c:806:13:createstdfile	32	static
../elua/liolib.c:819:16:luaopen_io	16	static
