../elua/lmathlib.c:29:12:math_abs	40	static
../elua/lmathlib.c:40:12:math_sin	16	static
../elua/lmathlib.c:45:12:math_cos	16	static
../elua/lmathlib.c:50:12:math_tan	16	static
../elua/lmathlib.c:55:12:math_asin	16	static
../elua/lmathlib.c:60:12:math_acos	16	static
../elua/lmathlib.c:65:12:math_atan	32	static
../elua/lmathlib.c:73:12:math_toint	32	static
../elua/lmathlib.c:86:13:pushnumint	32	static
../elua/lmathlib.c:95:12:math_floor	24	static
../elua/lmathlib.c:106:12:math_ceil	24	static
../elua/lmathlib.c:117:12:math_fmod	40	static
../elua/lmathlib.c:139:12:math_modf	32	static
../elua/lmathlib.c:156:12:math_sqrt	16	static
../elua/lmathlib.c:162:12:math_ult	32	static
../elua/lmathlib.c:169:12:math_log	48	static
../elua/lmathlib.c:190:12:math_exp	16	static
../elua/lmathlib.c:195:12:math_deg	16	static
../elua/lmathlib.c:200:12:math_rad	16	static
../elua/lmathlib.c:206:12:math_min	32	static
../elua/lmathlib.c:220:12:math_max	32	static
../elua/lmathlib.c:234:12:math_type	16	static
../elua/lmathlib.c:304:15:rotl	48	static
../elua/lmathlib.c:308:15:nextrand	112	static
../elua/lmathlib.c:337:19:I2d	16	static
../elua/lmathlib.c:532:21:project	112	static
../elua/lmathlib.c:557:12:math_random	80	static
../elua/lmathlib.c:592:13:setseed	32	static
../elua/lmathlib.c:611:13:randseed	48	static
../elua/lmathlib.c:618:12:math_randomseed	56	static
../elua/lmathlib.c:642:13:setrandfunc	24	static
../elua/lmathlib.c:751:16:luaopen_math	16	static
