../elua/lparser.c:68:16:error_expected	24	static
../elua/lparser.c:74:16:errorlimit	48	static
../elua/lparser.c:87:13:checklimit	24	static
../elua/lparser.c:95:12:testnext	16	static
../elua/lparser.c:107:13:check	16	static
../elua/lparser.c:116:13:checknext	16	static
../elua/lparser.c:130:13:check_match	40	static
../elua/lparser.c:143:17:str_checkname	24	static
../elua/lparser.c:152:13:init_exp	24	static
../elua/lparser.c:159:13:codestring	16	static
../elua/lparser.c:166:13:codename	16	static
../elua/lparser.c:175:12:registerlocalvar	56	static
../elua/lparser.c:193:12:new_localvar	48	static
../elua/lparser.c:219:17:getlocalvardesc	16	static
../elua/lparser.c:229:12:reglevel	24	static
../elua/lparser.c:243:5:luaY_nvarstack	16	static
../elua/lparser.c:251:16:localdebuginfo	24	static
../elua/lparser.c:266:13:init_var	24	static
../elua/lparser.c:277:13:check_readonly	40	static
../elua/lparser.c:311:13:adjustlocalvars	40	static
../elua/lparser.c:328:13:removevars	24	static
../elua/lparser.c:342:12:searchupvalue	24	static
../elua/lparser.c:352:19:allocupvalue	48	static
../elua/lparser.c:364:12:newupvalue	32	static
../elua/lparser.c:390:12:searchvar	32	static
../elua/lparser.c:410:13:markupval	24	static
../elua/lparser.c:422:13:marktobeclosed	24	static
../elua/lparser.c:435:13:singlevaraux	32	static
../elua/lparser.c:463:13:singlevar	48	static
../elua/lparser.c:481:13:adjust_assign	40	static
../elua/lparser.c:513:16:jumpscopeerror	32	static
../elua/lparser.c:526:13:solvegoto	48	static
../elua/lparser.c:543:19:findlabel	32	static
../elua/lparser.c:559:12:newlabelentry	48	static
../elua/lparser.c:574:12:newgotoentry	32	static
../elua/lparser.c:584:12:solvegotos	32	static
../elua/lparser.c:607:12:createlabel	48	static
../elua/lparser.c:627:13:movegotosout	40	static
../elua/lparser.c:641:13:enterblock	24	static
../elua/lparser.c:657:16:undefgoto	32	static
../elua/lparser.c:671:13:leaveblock	40	static
../elua/lparser.c:697:15:addprototype	56	static
../elua/lparser.c:721:13:codeclosure	24	static
../elua/lparser.c:728:13:open_func	32	static
../elua/lparser.c:755:13:close_func	40	static
../elua/lparser.c:787:12:block_follow	16	static
../elua/lparser.c:798:13:statlist	16	static
../elua/lparser.c:810:13:fieldsel	48	static
../elua/lparser.c:821:13:yindex	16	static
../elua/lparser.c:846:13:recfield	104	static
../elua/lparser.c:867:13:closelistfield	16	static
../elua/lparser.c:879:13:lastlistfield	16	static
../elua/lparser.c:895:13:listfield	16	static
../elua/lparser.c:902:13:field	16	static
../elua/lparser.c:924:13:constructor	80	static
../elua/lparser.c:952:13:setvararg	24	static
../elua/lparser.c:958:13:parlist	32	static
../elua/lparser.c:989:13:body	96	static
../elua/lparser.c:1011:12:explist	24	static
../elua/lparser.c:1024:13:funcargs	72	static
../elua/lparser.c:1079:13:primaryexp	24	static
../elua/lparser.c:1101:13:suffixedexp	72	static
../elua/lparser.c:1139:13:simpleexp	32	static
../elua/lparser.c:1194:14:getunopr	16	static
../elua/lparser.c:1205:15:getbinopr	16	static
../elua/lparser.c:1259:15:subexpr	72	static
../elua/lparser.c:1289:13:expr	16	static
../elua/lparser.c:1304:13:block	40	static
../elua/lparser.c:1330:13:check_conflict	48	static
../elua/lparser.c:1374:13:restassign	88	static
../elua/lparser.c:1405:12:cond	40	static
../elua/lparser.c:1415:13:gotostat	48	static
../elua/lparser.c:1437:13:breakstat	32	static
../elua/lparser.c:1447:13:checkrepeated	24	static
../elua/lparser.c:1457:13:labelstat	24	static
../elua/lparser.c:1467:13:whilestat	48	static
../elua/lparser.c:1486:13:repeatstat	72	static
../elua/lparser.c:1516:13:exp1	40	static
../elua/lparser.c:1529:13:fixforjump	32	static
../elua/lparser.c:1543:13:forbody	64	static
../elua/lparser.c:1568:13:fornum	40	static
../elua/lparser.c:1591:13:forlist	64	static
../elua/lparser.c:1619:13:forstat	40	static
../elua/lparser.c:1637:13:test_then_block	72	static
../elua/lparser.c:1674:13:ifstat	24	static
../elua/lparser.c:1688:13:localfunc	48	static
../elua/lparser.c:1700:12:getlocalattribute	24	static
../elua/lparser.c:1717:13:checktoclose	24	static
../elua/lparser.c:1725:13:localstat	72	static
../elua/lparser.c:1767:12:funcname	24	static
../elua/lparser.c:1781:13:funcstat	72	static
../elua/lparser.c:1794:13:exprstat	56	static
../elua/lparser.c:1812:13:retstat	56	static
../elua/lparser.c:1844:13:statement	24	static
../elua/lparser.c:1923:13:mainfunc	40	static
../elua/lparser.c:1941:11:luaY_parser	200	static
