../elua/lstrlib.c:55:12:str_len	32	static
../elua/lstrlib.c:71:15:posrelatI	40	static
../elua/lstrlib.c:87:15:getendpos	56	static
../elua/lstrlib.c:100:12:str_sub	40	static
../elua/lstrlib.c:112:12:str_reverse	560	static
../elua/lstrlib.c:124:12:str_lower	568	static
../elua/lstrlib.c:137:12:str_upper	568	static
../elua/lstrlib.c:150:12:str_rep	592	static
../elua/lstrlib.c:177:12:str_byte	64	static
../elua/lstrlib.c:195:12:str_char	568	static
../elua/lstrlib.c:222:12:writer	32	static
../elua/lstrlib.c:233:12:str_dump	560	static
../elua/lstrlib.c:264:12:tonum	24	static
../elua/lstrlib.c:277:13:trymt	32	static
../elua/lstrlib.c:288:12:arith	24	static
../elua/lstrlib.c:297:12:arith_add	16	static
../elua/lstrlib.c:301:12:arith_sub	16	static
../elua/lstrlib.c:305:12:arith_mul	16	static
../elua/lstrlib.c:309:12:arith_mod	16	static
../elua/lstrlib.c:313:12:arith_pow	16	static
../elua/lstrlib.c:317:12:arith_div	16	static
../elua/lstrlib.c:321:12:arith_idiv	16	static
../elua/lstrlib.c:325:12:arith_unm	16	static
../elua/lstrlib.c:386:12:check_capture	16	static
../elua/lstrlib.c:395:12:capture_to_close	24	static
../elua/lstrlib.c:403:20:classend	16	static
../elua/lstrlib.c:427:12:match_class	24	static
../elua/lstrlib.c:447:12:matchbracketclass	32	static
../elua/lstrlib.c:470:12:singlematch	32	static
../elua/lstrlib.c:486:20:matchbalance	40	static
../elua/lstrlib.c:506:20:max_expand	32	static
../elua/lstrlib.c:521:20:min_expand	32	static
../elua/lstrlib.c:534:20:start_capture	32	static
../elua/lstrlib.c:548:20:end_capture	32	static
../elua/lstrlib.c:559:20:match_capture	32	static
../elua/lstrlib.c:570:20:match	40	static
../elua/lstrlib.c:673:20:lmemfind	32	static
../elua/lstrlib.c:702:15:get_onecapture	40	static
../elua/lstrlib.c:725:13:push_onecapture	40	static
../elua/lstrlib.c:735:12:push_captures	32	static
../elua/lstrlib.c:746:12:nospecials	24	static
../elua/lstrlib.c:757:13:prepstate	24	static
../elua/lstrlib.c:767:13:reprepstate	16	static
../elua/lstrlib.c:773:12:str_find_aux	376	static
../elua/lstrlib.c:819:12:str_find	16	static
../elua/lstrlib.c:824:12:str_match	16	static
../elua/lstrlib.c:838:12:gmatch_aux	32	static
../elua/lstrlib.c:854:12:gmatch	48	static
../elua/lstrlib.c:871:13:add_s	56	static
../elua/lstrlib.c:906:12:add_value	40	static
../elua/lstrlib.c:942:12:str_gsub	912	static
../elua/lstrlib.c:1122:13:addquoted	40	static
../elua/lstrlib.c:1151:12:quotefloat	48	static
../elua/lstrlib.c:1175:13:addliteral	64	static
../elua/lstrlib.c:1210:20:get2digits	16	static
../elua/lstrlib.c:1225:13:checkformat	32	static
../elua/lstrlib.c:1245:20:getformat	32	static
../elua/lstrlib.c:1263:13:addlenmod	32	static
../elua/lstrlib.c:1273:12:str_format	664	static
../elua/lstrlib.c:1447:12:digit	16	static
../elua/lstrlib.c:1449:12:getnum	24	static
../elua/lstrlib.c:1466:12:getnumlimit	32	static
../elua/lstrlib.c:1478:13:initheader	16	static
../elua/lstrlib.c:1488:16:getoption	32	static
../elua/lstrlib.c:1541:16:getdetails	32	static
../elua/lstrlib.c:1568:13:packint	32	static
../elua/lstrlib.c:1589:13:copywithendian	24	static
../elua/lstrlib.c:1601:12:str_pack	728	static
../elua/lstrlib.c:1700:12:str_packsize	64	static
../elua/lstrlib.c:1728:20:unpackint	96	static
../elua/lstrlib.c:1754:12:str_unpack	112	static
../elua/lstrlib.c:1852:13:createmetatable	16	static
../elua/lstrlib.c:1869:16:luaopen_string	16	static
