../elua/ltable.c:108:14:hashint	48	static
../elua/ltable.c:131:12:l_hashfloat	40	static
../elua/ltable.c:151:14:mainpositionTV	64	static
../elua/ltable.c:189:17:mainpositionfromnode	40	static
../elua/ltable.c:216:12:equalkey	32	static
../elua/ltable.c:250:24:luaH_realasize	24	static
../elua/ltable.c:276:12:ispow2realasize	16	static
../elua/ltable.c:281:21:setlimittosize	16	static
../elua/ltable.c:297:22:getgeneric	32	static
../elua/ltable.c:316:21:arrayindex	16	static
../elua/ltable.c:329:21:findindex	32	static
../elua/ltable.c:347:5:luaH_next	72	static
../elua/ltable.c:369:13:freehash	16	static
../elua/ltable.c:389:21:computesizes	40	static
../elua/ltable.c:411:12:countint	32	static
../elua/ltable.c:427:21:numusearray	48	static
../elua/ltable.c:454:12:numusehash	40	static
../elua/ltable.c:478:13:setnodevector	40	static
../elua/ltable.c:506:13:reinsert	64	static
../elua/ltable.c:525:13:exchangehashpart	32	static
../elua/ltable.c:551:6:luaH_resize	88	static
../elua/ltable.c:588:6:luaH_resizearray	32	static
../elua/ltable.c:596:13:rehash	168	static
../elua/ltable.c:624:8:luaH_new	24	static
../elua/ltable.c:636:6:luaH_free	24	static
../elua/ltable.c:643:14:getfreepos	16	static
../elua/ltable.c:663:6:luaH_newkey	96	static
../elua/ltable.c:728:15:luaH_getint	72	static
../elua/ltable.c:756:15:luaH_getshortstr	24	static
../elua/ltable.c:772:15:luaH_getstr	40	static
../elua/ltable.c:786:15:luaH_get	24	static
../elua/ltable.c:809:6:luaH_finishset	32	static
../elua/ltable.c:822:6:luaH_set	40	static
../elua/ltable.c:828:6:luaH_setint	56	static
../elua/ltable.c:853:21:hash_search	72	static
../elua/ltable.c:878:21:binsearch	32	static
../elua/ltable.c:921:14:luaH_getn	56	static
