../elua/lua.c:63:13:lstop	16	static
../elua/lua.c:76:13:laction	24	static
../elua/lua.c:83:13:print_usage	16	static
../elua/lua.c:110:13:l_message	16	static
../elua/lua.c:121:12:report	24	static
../elua/lua.c:134:12:msghandler	24	static
../elua/lua.c:153:12:docall	40	static
../elua/lua.c:167:13:print_version	8	static
../elua/lua.c:181:13:createargtable	40	static
../elua/lua.c:194:12:dochunk	16	static
../elua/lua.c:200:12:dofile	16	static
../elua/lua.c:205:12:dostring	32	static
../elua/lua.c:213:12:dolibrary	24	static
../elua/lua.c:234:12:pushargs	32	static
../elua/lua.c:247:12:handle_script	32	static
../elua/lua.c:275:12:collectargs	24	static
../elua/lua.c:329:12:runargs	40	static
../elua/lua.c:355:12:handle_luainit	24	static
../elua/lua.c:450:20:get_prompt	24	static
../elua/lua.c:470:12:incomplete	24	static
../elua/lua.c:486:12:pushline	544	static
../elua/lua.c:511:12:addreturn	40	static
../elua/lua.c:529:12:multiline	40	static
../elua/lua.c:551:12:loadline	24	static
../elua/lua.c:567:13:l_print	40	static
../elua/lua.c:584:13:doREPL	24	static
../elua/lua.c:607:12:pmain	32	static
