../elua/lvm.c:90:12:l_strton	16	static
../elua/lvm.c:103:5:luaV_tonumber_	32	static
../elua/lvm.c:121:5:luaV_flttointeger	32	static
../elua/lvm.c:137:5:luaV_tointegerns	24	static
../elua/lvm.c:152:5:luaV_tointeger	40	static
../elua/lvm.c:176:12:forlimit	32	static
../elua/lvm.c:206:12:forprep	152	static
../elua/lvm.c:266:12:floatforloop	56	static
../elua/lvm.c:287:6:luaV_finishget	48	static
../elua/lvm.c:330:6:luaV_finishset	56	static
../elua/lvm.c:375:12:l_strcmp	40	static
../elua/lvm.c:409:15:LTintfloat	40	static
../elua/lvm.c:426:15:LEintfloat	40	static
../elua/lvm.c:443:15:LTfloatint	40	static
../elua/lvm.c:460:15:LEfloatint	40	static
../elua/lvm.c:476:15:LTnum	40	static
../elua/lvm.c:498:15:LEnum	40	static
../elua/lvm.c:520:12:lessthanothers	24	static
../elua/lvm.c:532:5:luaV_lessthan	24	static
../elua/lvm.c:542:12:lessequalothers	24	static
../elua/lvm.c:554:5:luaV_lessequal	24	static
../elua/lvm.c:565:5:luaV_equalobj	64	static
../elua/lvm.c:624:13:copy2buff	32	static
../elua/lvm.c:638:6:luaV_concat	96	static
../elua/lvm.c:683:6:luaV_objlen	72	static
../elua/lvm.c:718:13:luaV_idiv	64	static
../elua/lvm.c:738:13:luaV_mod	56	static
../elua/lvm.c:756:12:luaV_modf	48	static
../elua/lvm.c:772:13:luaV_shiftl	40	static
../elua/lvm.c:788:13:pushclosure	48	static
../elua/lvm.c:809:6:luaV_finishOp	80	static
../elua/lvm.c:1139:6:luaV_execute	2216	static
